[INFO] Scanning for projects...
[INFO] 
[INFO] -------------------------< com.snapfix:server >-------------------------
[INFO] Building server 0.0.1-SNAPSHOT
[INFO]   from pom.xml
[INFO] --------------------------------[ jar ]---------------------------------
[INFO] 
[INFO] --- resources:3.3.1:resources (default-resources) @ server ---
[INFO] Copying 2 resources from src\main\resources to target\classes
[INFO] Copying 2 resources from src\main\resources to target\classes
[INFO] 
[INFO] --- compiler:3.14.1:compile (default-compile) @ server ---
[INFO] Nothing to compile - all classes are up to date.
[INFO] 
[INFO] --- resources:3.3.1:testResources (default-testResources) @ server ---
[INFO] skip non existing resourceDirectory C:\Users\omkar\OneDrive\Desktop\SnapFix\server\src\test\resources
[INFO] 
[INFO] --- compiler:3.14.1:testCompile (default-testCompile) @ server ---
[INFO] Nothing to compile - all classes are up to date.
[INFO] 
[INFO] --- surefire:3.5.4:test (default-test) @ server ---
[INFO] Using auto detected provider org.apache.maven.surefire.junitplatform.JUnitPlatformProvider
[INFO] 
[INFO] -------------------------------------------------------
[INFO]  T E S T S
[INFO] -------------------------------------------------------
[INFO] Running com.snapfix.server.ServerApplicationTests
10:30:46.325 [main] INFO org.springframework.test.context.support.AnnotationConfigContextLoaderUtils -- Could not detect default configuration classes for test class [com.snapfix.server.ServerApplicationTests]: ServerApplicationTests does not declare any static, non-private, non-final, nested classes annotated with @Configuration.
10:30:46.688 [main] INFO org.springframework.boot.test.context.SpringBootTestContextBootstrapper -- Found @SpringBootConfiguration com.snapfix.SnapfixApplication for test class com.snapfix.server.ServerApplicationTests

  .   ____          _            __ _ _
 /\\ / ___'_ __ _ _(_)_ __  __ _ \ \ \ \
( ( )\___ | '_ | '_| | '_ \/ _` | \ \ \ \
 \\/  ___)| |_)| | | | | || (_| |  ) ) ) )
  '  |____| .__|_| |_|_| |_\__, | / / / /
 =========|_|==============|___/=/_/_/_/

 :: Spring Boot ::                (v4.0.3)

2026-05-09 10:30:48 [] INFO  o.h.validator.internal.util.Version - HV000001: Hibernate Validator 9.0.1.Final
2026-05-09 10:30:48 [] INFO  c.s.server.ServerApplicationTests - Starting ServerApplicationTests using Java 21.0.9 with PID 1888 (started by omkar in C:\Users\omkar\OneDrive\Desktop\SnapFix\server)
2026-05-09 10:30:48 [] INFO  c.s.server.ServerApplicationTests - No active profile set, falling back to 1 default profile: "default"
2026-05-09 10:30:51 [] INFO  o.s.d.r.c.RepositoryConfigurationDelegate - Bootstrapping Spring Data JPA repositories in DEFAULT mode.
2026-05-09 10:30:51 [] INFO  o.s.d.r.c.RepositoryConfigurationDelegate - Finished Spring Data repository scanning in 235 ms. Found 6 JPA repository interfaces.
2026-05-09 10:30:55 [] INFO  org.hibernate.orm.jpa - HHH008540: Processing PersistenceUnitInfo [name: default]
2026-05-09 10:30:56 [] INFO  org.hibernate.orm.core - HHH000001: Hibernate ORM core version 7.2.4.Final
2026-05-09 10:30:56 [] INFO  o.h.s.integration.SpatialService - HHH80000001: Hibernate Spatial integration enabled: true
2026-05-09 10:30:57 [] INFO  com.zaxxer.hikari.HikariDataSource - HikariPool-1 - Starting...
2026-05-09 10:30:57 [] INFO  com.zaxxer.hikari.pool.HikariPool - HikariPool-1 - Added connection org.postgresql.jdbc.PgConnection@34b462e0
2026-05-09 10:30:57 [] INFO  com.zaxxer.hikari.HikariDataSource - HikariPool-1 - Start completed.
2026-05-09 10:30:57 [] WARN  org.hibernate.orm.deprecation - HHH90000025: PostgreSQLDialect does not need to be specified explicitly using 'hibernate.dialect' (remove the property setting and it will be selected by default)
2026-05-09 10:30:57 [] INFO  o.hibernate.orm.connections.pooling - HHH10001005: Database info:
	Database JDBC URL [jdbc:postgresql://localhost:5432/snapfix]
	Database driver: PostgreSQL JDBC Driver
	Database dialect: PostgreSQLDialect
	Database version: 18.1
	Default catalog/schema: snapfix/public
	Autocommit mode: undefined/unknown
	Isolation level: READ_COMMITTED [default READ_COMMITTED]
	JDBC fetch size: none
	Pool: DataSourceConnectionProvider
	Minimum pool size: undefined/unknown
	Maximum pool size: undefined/unknown
2026-05-09 10:30:58 [] INFO  o.s.o.j.p.SpringPersistenceUnitInfo - No LoadTimeWeaver setup: ignoring JPA class transformer
2026-05-09 10:31:02 [] INFO  org.hibernate.orm.core - HHH000489: No JTA platform available (set 'hibernate.transaction.jta.platform' to enable JTA platform integration)
2026-05-09 10:31:02 [] INFO  o.s.o.j.LocalContainerEntityManagerFactoryBean - Initialized JPA EntityManagerFactory for persistence unit 'default'
2026-05-09 10:31:02 [] INFO  o.s.d.j.r.q.QueryEnhancerFactories - Hibernate is in classpath; If applicable, HQL parser will be used.
2026-05-09 10:31:04 [] WARN  o.s.w.c.s.GenericWebApplicationContext - Exception encountered during context initialization - cancelling refresh attempt: org.springframework.beans.factory.UnsatisfiedDependencyException: Error creating bean with name 'reportController' defined in file [C:\Users\omkar\OneDrive\Desktop\SnapFix\server\target\classes\com\snapfix\report\controller\ReportController.class]: Unsatisfied dependency expressed through constructor parameter 0: Error creating bean with name 'reportService' defined in file [C:\Users\omkar\OneDrive\Desktop\SnapFix\server\target\classes\com\snapfix\report\service\ReportService.class]: Unsatisfied dependency expressed through constructor parameter 1: Error creating bean with name 'cloudinaryStorageService' defined in file [C:\Users\omkar\OneDrive\Desktop\SnapFix\server\target\classes\com\snapfix\storage\service\CloudinaryStorageService.class]: Unsatisfied dependency expressed through constructor parameter 0: Error creating bean with name 'cloudinary' defined in class path resource [com/snapfix/config/CloudinaryConfig.class]: Failed to instantiate [com.cloudinary.Cloudinary]: Factory method 'cloudinary' threw exception with message: null
2026-05-09 10:31:04 [] INFO  o.s.o.j.LocalContainerEntityManagerFactoryBean - Closing JPA EntityManagerFactory for persistence unit 'default'
2026-05-09 10:31:04 [] INFO  com.zaxxer.hikari.HikariDataSource - HikariPool-1 - Shutdown initiated...
2026-05-09 10:31:04 [] INFO  com.zaxxer.hikari.HikariDataSource - HikariPool-1 - Shutdown completed.
.\mvnw.cmd : 
At line:1 char:1
+ .\mvnw.cmd test > test_output.log 2>&1
+ ~~~~~~~~~~~~~~~~~~~~~~~~~~~~~~~~~~~~~~
    + CategoryInfo          : NotSpecified: (:String) [], Rem   
 oteException
    + FullyQualifiedErrorId : NativeCommandError
 


============================
CONDITIONS EVALUATION REPORT
============================


Positive matches:
-----------------

   AopAutoConfiguration matched:
      - @ConditionalOnBooleanProperty (spring.aop.auto=true) 
matched (OnPropertyCondition)

   AopAutoConfiguration.AspectJAutoProxyingConfiguration 
matched:
      - @ConditionalOnClass found required class 
'org.aspectj.weaver.Advice' (OnClassCondition)

   AopAutoConfiguration.AspectJAutoProxyingConfiguration.CglibAu
toProxyConfiguration matched:
      - @ConditionalOnBooleanProperty 
(spring.aop.proxy-target-class=true) matched 
(OnPropertyCondition)

   ApplicationAvailabilityAutoConfiguration#applicationAvailabil
ity matched:
      - @ConditionalOnMissingBean (types: 
org.springframework.boot.availability.ApplicationAvailability; 
SearchStrategy: all) did not find any beans (OnBeanCondition)

   AvailabilityHealthContributorAutoConfiguration matched:
      - @ConditionalOnClass found required class 
'org.springframework.boot.health.contributor.Health' 
(OnClassCondition)

   AvailabilityProbesAutoConfiguration matched:
      - @ConditionalOnClass found required class 
'org.springframework.boot.actuate.endpoint.annotation.Endpoint' 
(OnClassCondition)
      - @ConditionalOnBooleanProperty 
(management.endpoint.health.probes.enabled=true) matched 
(OnPropertyCondition)

   AvailabilityProbesAutoConfiguration#livenessStateHealthIndica
tor matched:
      - @ConditionalOnMissingBean (names: 
livenessStateHealthIndicator; SearchStrategy: all) did not find 
any beans (OnBeanCondition)

   AvailabilityProbesAutoConfiguration#readinessStateHealthIndic
ator matched:
      - @ConditionalOnMissingBean (names: 
readinessStateHealthIndicator; SearchStrategy: all) did not 
find any beans (OnBeanCondition)

   CompositeMeterRegistryAutoConfiguration matched:
      - @ConditionalOnClass found required class 'io.micrometer.
core.instrument.composite.CompositeMeterRegistry' 
(OnClassCondition)

   DataJpaRepositoriesAutoConfiguration matched:
      - @ConditionalOnClass found required class 
'org.springframework.data.jpa.repository.JpaRepository' 
(OnClassCondition)
      - @ConditionalOnBooleanProperty 
(spring.data.jpa.repositories.enabled=true) matched 
(OnPropertyCondition)
      - @ConditionalOnBean (types: javax.sql.DataSource; 
SearchStrategy: all) found bean 'dataSource'; 
@ConditionalOnMissingBean (types: org.springframework.data.jpa.r
epository.support.JpaRepositoryFactoryBean,org.springframework.d
ata.jpa.repository.config.JpaRepositoryConfigExtension; 
SearchStrategy: all) did not find any beans (OnBeanCondition)

   DataRepositoryMetricsAutoConfiguration matched:
      - @ConditionalOnClass found required class 
'org.springframework.data.repository.Repository' 
(OnClassCondition)
      - @ConditionalOnBean (types: 
io.micrometer.core.instrument.MeterRegistry; SearchStrategy: 
all) found bean 'simpleMeterRegistry' (OnBeanCondition)

   DataRepositoryMetricsAutoConfiguration#metricsRepositoryMetho
dInvocationListener matched:
      - @ConditionalOnMissingBean (types: org.springframework.bo
ot.data.metrics.MetricsRepositoryMethodInvocationListener; 
SearchStrategy: all) did not find any beans (OnBeanCondition)

   
DataRepositoryMetricsAutoConfiguration#repositoryTagsProvider 
matched:
      - @ConditionalOnMissingBean (types: 
org.springframework.boot.data.metrics.RepositoryTagsProvider; 
SearchStrategy: all) did not find any beans (OnBeanCondition)

   DataSourceAutoConfiguration matched:
      - @ConditionalOnClass found required classes 
'javax.sql.DataSource', 'org.springframework.jdbc.datasource.emb
edded.EmbeddedDatabaseType' (OnClassCondition)
      - @ConditionalOnMissingBean (types: 
io.r2dbc.spi.ConnectionFactory; SearchStrategy: all) did not 
find any beans (OnBeanCondition)

   DataSourceAutoConfiguration.PooledDataSourceConfiguration 
matched:
      - AnyNestedCondition 1 matched 1 did not; NestedCondition 
on DataSourceAutoConfiguration.PooledDataSourceCondition.PooledD
ataSourceAvailable PooledDataSource found supported DataSource; 
NestedCondition on DataSourceAutoConfiguration.PooledDataSourceC
ondition.ExplicitType @ConditionalOnProperty 
(spring.datasource.type) did not find property 
'spring.datasource.type' 
(DataSourceAutoConfiguration.PooledDataSourceCondition)
      - @ConditionalOnMissingBean (types: 
javax.sql.DataSource,javax.sql.XADataSource; SearchStrategy: 
all) did not find any beans (OnBeanCondition)

   DataSourceAutoConfiguration.PooledDataSourceConfiguration#jdb
cConnectionDetails matched:
      - @ConditionalOnMissingBean (types: org.springframework.bo
ot.jdbc.autoconfigure.JdbcConnectionDetails; SearchStrategy: 
all) did not find any beans (OnBeanCondition)

   DataSourceConfiguration.Hikari matched:
      - @ConditionalOnClass found required class 
'com.zaxxer.hikari.HikariDataSource' (OnClassCondition)
      - @ConditionalOnProperty 
(spring.datasource.type=com.zaxxer.hikari.HikariDataSource) 
matched (OnPropertyCondition)
      - @ConditionalOnMissingBean (types: javax.sql.DataSource; 
SearchStrategy: all) did not find any beans (OnBeanCondition)

   DataSourceHealthContributorAutoConfiguration matched:
      - @ConditionalOnClass found required classes 
'org.springframework.jdbc.core.JdbcTemplate', 'org.springframewo
rk.jdbc.datasource.lookup.AbstractRoutingDataSource', 'org.sprin
gframework.boot.health.autoconfigure.contributor.ConditionalOnEn
abledHealthIndicator' (OnClassCondition)
      - @ConditionalOnEnabledHealthIndicator 
management.health.defaults.enabled is considered true 
(OnEnabledHealthIndicatorCondition)
      - @ConditionalOnBean (types: javax.sql.DataSource; 
SearchStrategy: all) found bean 'dataSource' (OnBeanCondition)

   DataSourceHealthContributorAutoConfiguration#dbHealthContribu
tor matched:
      - @ConditionalOnMissingBean (names: 
dbHealthIndicator,dbHealthContributor; SearchStrategy: all) did 
not find any beans (OnBeanCondition)

   DataSourceInitializationAutoConfiguration matched:
      - @ConditionalOnClass found required class 
'org.springframework.jdbc.datasource.init.DatabasePopulator' 
(OnClassCondition)
      - SQL InitializationDatabase Initialization default value 
is EMBEDDED (OnSqlInitializationCondition)
      - @ConditionalOnSingleCandidate (types: 
javax.sql.DataSource; SearchStrategy: all) found a single bean 
'dataSource'; @ConditionalOnMissingBean (types: org.springframew
ork.boot.sql.autoconfigure.init.ApplicationScriptDatabaseInitial
izer; SearchStrategy: all) did not find any beans 
(OnBeanCondition)

   DataSourcePoolMetadataProvidersConfiguration.HikariPoolDataSo
urceMetadataProviderConfiguration matched:
      - @ConditionalOnClass found required class 
'com.zaxxer.hikari.HikariDataSource' (OnClassCondition)

   DataSourcePoolMetricsAutoConfiguration matched:
      - @ConditionalOnClass found required classes 
'javax.sql.DataSource', 
'io.micrometer.core.instrument.MeterRegistry' (OnClassCondition)
      - @ConditionalOnBean (types: javax.sql.DataSource,io.micro
meter.core.instrument.MeterRegistry; SearchStrategy: all) found 
beans 'simpleMeterRegistry', 'dataSource' (OnBeanCondition)

   DataSourcePoolMetricsAutoConfiguration.DataSourcePoolMetadata
MetricsConfiguration matched:
      - @ConditionalOnBean (types: org.springframework.boot.jdbc
.metadata.DataSourcePoolMetadataProvider; SearchStrategy: all) 
found bean 'hikariPoolDataSourceMetadataProvider' 
(OnBeanCondition)

   DataSourcePoolMetricsAutoConfiguration.HikariDataSourceMetric
sConfiguration matched:
      - @ConditionalOnClass found required class 
'com.zaxxer.hikari.HikariDataSource' (OnClassCondition)

   DataSourceTransactionManagerAutoConfiguration matched:
      - @ConditionalOnClass found required classes 
'javax.sql.DataSource', 
'org.springframework.jdbc.core.JdbcTemplate', 
'org.springframework.transaction.TransactionManager' 
(OnClassCondition)

   DataSourceTransactionManagerAutoConfiguration.JdbcTransaction
ManagerConfiguration matched:
      - @ConditionalOnSingleCandidate (types: 
javax.sql.DataSource; SearchStrategy: all) found a single bean 
'dataSource' (OnBeanCondition)

   DataWebAutoConfiguration matched:
      - @ConditionalOnClass found required classes 'org.springfr
amework.data.web.PageableHandlerMethodArgumentResolver', 'org.sp
ringframework.web.servlet.config.annotation.WebMvcConfigurer' 
(OnClassCondition)
      - found 'session' scope (OnWebApplicationCondition)
      - @ConditionalOnMissingBean (types: org.springframework.da
ta.web.PageableHandlerMethodArgumentResolver; SearchStrategy: 
all) did not find any beans (OnBeanCondition)

   DataWebAutoConfiguration#pageableCustomizer matched:
      - @ConditionalOnMissingBean (types: org.springframework.da
ta.web.config.PageableHandlerMethodArgumentResolverCustomizer; 
SearchStrategy: all) did not find any beans (OnBeanCondition)

   DataWebAutoConfiguration#sortCustomizer matched:
      - @ConditionalOnMissingBean (types: org.springframework.da
ta.web.config.SortHandlerMethodArgumentResolverCustomizer; 
SearchStrategy: all) did not find any beans (OnBeanCondition)

   DataWebAutoConfiguration#springDataWebSettings matched:
      - @ConditionalOnMissingBean (types: 
org.springframework.data.web.config.SpringDataWebSettings; 
SearchStrategy: all) did not find any beans (OnBeanCondition)

   DiskSpaceHealthContributorAutoConfiguration matched:
      - @ConditionalOnClass found required class 
'org.springframework.boot.health.contributor.Health' 
(OnClassCondition)
      - @ConditionalOnEnabledHealthIndicator 
management.health.defaults.enabled is considered true 
(OnEnabledHealthIndicatorCondition)

   DiskSpaceHealthContributorAutoConfiguration#diskSpaceHealthIn
dicator matched:
      - @ConditionalOnMissingBean (names: 
diskSpaceHealthIndicator; SearchStrategy: all) did not find any 
beans (OnBeanCondition)

   DispatcherServletAutoConfiguration matched:
      - @ConditionalOnClass found required class 
'org.springframework.web.servlet.DispatcherServlet' 
(OnClassCondition)
      - found 'session' scope (OnWebApplicationCondition)

   DispatcherServletAutoConfiguration.DispatcherServletConfigura
tion matched:
      - @ConditionalOnClass found required class 
'jakarta.servlet.ServletRegistration' (OnClassCondition)
      - Default DispatcherServlet did not find dispatcher 
servlet beans (DispatcherServletAutoConfiguration.DefaultDispatc
herServletCondition)

   DispatcherServletAutoConfiguration.DispatcherServletRegistrat
ionConfiguration matched:
      - @ConditionalOnClass found required class 
'jakarta.servlet.ServletRegistration' (OnClassCondition)
      - DispatcherServlet Registration did not find servlet 
registration bean (DispatcherServletAutoConfiguration.Dispatcher
ServletRegistrationCondition)

   DispatcherServletAutoConfiguration.DispatcherServletRegistrat
ionConfiguration#dispatcherServletRegistration matched:
      - @ConditionalOnBean (names: dispatcherServlet types: 
org.springframework.web.servlet.DispatcherServlet; 
SearchStrategy: all) found bean 'dispatcherServlet' 
(OnBeanCondition)

   EndpointAutoConfiguration#endpointCachingOperationInvokerAdvi
sor matched:
      - @ConditionalOnMissingBean (types: org.springframework.bo
ot.actuate.endpoint.invoker.cache.CachingOperationInvokerAdvisor
; SearchStrategy: all) did not find any beans (OnBeanCondition)

   EndpointAutoConfiguration#endpointOperationParameterMapper 
matched:
      - @ConditionalOnMissingBean (types: org.springframework.bo
ot.actuate.endpoint.invoke.ParameterValueMapper; 
SearchStrategy: all) did not find any beans (OnBeanCondition)

   EndpointAutoConfiguration#propertiesEndpointAccessResolver 
matched:
      - @ConditionalOnMissingBean (types: org.springframework.bo
ot.actuate.endpoint.EndpointAccessResolver; SearchStrategy: 
all) did not find any beans (OnBeanCondition)

   ErrorMvcAutoConfiguration matched:
      - @ConditionalOnClass found required classes 
'jakarta.servlet.Servlet', 
'org.springframework.web.servlet.DispatcherServlet' 
(OnClassCondition)
      - found 'session' scope (OnWebApplicationCondition)

   ErrorMvcAutoConfiguration#basicErrorController matched:
      - @ConditionalOnMissingBean (types: 
org.springframework.boot.webmvc.error.ErrorController; 
SearchStrategy: current) did not find any beans 
(OnBeanCondition)

   ErrorMvcAutoConfiguration#errorAttributes matched:
      - @ConditionalOnMissingBean (types: 
org.springframework.boot.webmvc.error.ErrorAttributes; 
SearchStrategy: current) did not find any beans 
(OnBeanCondition)

   ErrorMvcAutoConfiguration.DefaultErrorViewResolverConfigurati
on#conventionErrorViewResolver matched:
      - @ConditionalOnBean (types: 
org.springframework.web.servlet.DispatcherServlet; 
SearchStrategy: all) found bean 'dispatcherServlet'; 
@ConditionalOnMissingBean (types: org.springframework.boot.webmv
c.autoconfigure.error.ErrorViewResolver; SearchStrategy: all) 
did not find any beans (OnBeanCondition)

   ErrorMvcAutoConfiguration.WhitelabelErrorViewConfiguration 
matched:
      - @ConditionalOnBooleanProperty 
(spring.web.error.whitelabel.enabled=true) matched 
(OnPropertyCondition)
      - ErrorTemplate Missing did not find error template view 
(ErrorMvcAutoConfiguration.ErrorTemplateMissingCondition)

   ErrorMvcAutoConfiguration.WhitelabelErrorViewConfiguration#be
anNameViewResolver matched:
      - @ConditionalOnMissingBean (types: 
org.springframework.web.servlet.view.BeanNameViewResolver; 
SearchStrategy: all) did not find any beans (OnBeanCondition)

   ErrorMvcAutoConfiguration.WhitelabelErrorViewConfiguration#de
faultErrorView matched:
      - @ConditionalOnMissingBean (names: error; 
SearchStrategy: all) did not find any beans (OnBeanCondition)

   HealthContributorAutoConfiguration#pingHealthContributor 
matched:
      - @ConditionalOnEnabledHealthIndicator 
management.health.defaults.enabled is considered true 
(OnEnabledHealthIndicatorCondition)

   HealthContributorRegistryAutoConfiguration#healthContributorR
egistry matched:
      - @ConditionalOnMissingBean (types: org.springframework.bo
ot.health.registry.HealthContributorRegistry; SearchStrategy: 
all) did not find any beans (OnBeanCondition)

   HealthEndpointAutoConfiguration matched:
      - @ConditionalOnClass found required class 
'org.springframework.boot.actuate.endpoint.annotation.Endpoint' 
(OnClassCondition)
      - @ConditionalOnAvailableEndpoint marked as exposed by a 
'management.endpoints.web.exposure' property 
(OnAvailableEndpointCondition)
      - @ConditionalOnBean (types: org.springframework.boot.heal
th.registry.HealthContributorRegistry; SearchStrategy: all) 
found bean 'healthContributorRegistry' (OnBeanCondition)

   HealthEndpointConfiguration#healthEndpoint matched:
      - @ConditionalOnMissingBean (types: org.springframework.bo
ot.health.actuate.endpoint.HealthEndpoint; SearchStrategy: all) 
did not find any beans (OnBeanCondition)

   HealthEndpointConfiguration#healthEndpointGroupMembershipVali
dator matched:
      - @ConditionalOnBooleanProperty 
(management.endpoint.health.validate-group-membership=true) 
matched (OnPropertyCondition)

   HealthEndpointConfiguration#healthEndpointGroups matched:
      - @ConditionalOnMissingBean (types: org.springframework.bo
ot.health.actuate.endpoint.HealthEndpointGroups; 
SearchStrategy: all) did not find any beans (OnBeanCondition)

   HealthEndpointConfiguration#healthHttpCodeStatusMapper 
matched:
      - @ConditionalOnMissingBean (types: org.springframework.bo
ot.health.actuate.endpoint.HttpCodeStatusMapper; 
SearchStrategy: all) did not find any beans (OnBeanCondition)

   HealthEndpointConfiguration#healthStatusAggregator matched:
      - @ConditionalOnMissingBean (types: org.springframework.bo
ot.health.actuate.endpoint.StatusAggregator; SearchStrategy: 
all) did not find any beans (OnBeanCondition)

   HealthEndpointWebExtensionConfiguration matched:
      - found 'session' scope (OnWebApplicationCondition)
      - @ConditionalOnAvailableEndpoint marked as exposed by a 
'management.endpoints.web.exposure' property 
(OnAvailableEndpointCondition)
      - @ConditionalOnBean (types: org.springframework.boot.heal
th.actuate.endpoint.HealthEndpoint; SearchStrategy: all) found 
bean 'healthEndpoint' (OnBeanCondition)

   HealthEndpointWebExtensionConfiguration#healthEndpointWebExte
nsion matched:
      - @ConditionalOnMissingBean (types: org.springframework.bo
ot.health.actuate.endpoint.HealthEndpointWebExtension; 
SearchStrategy: all) did not find any beans (OnBeanCondition)

   HibernateJpaAutoConfiguration matched:
      - @ConditionalOnClass found required classes 'org.springfr
amework.orm.jpa.LocalContainerEntityManagerFactoryBean', 
'jakarta.persistence.EntityManager', 
'org.hibernate.engine.spi.SessionImplementor' (OnClassCondition)

   HibernateJpaConfiguration matched:
      - @ConditionalOnSingleCandidate (types: 
javax.sql.DataSource; SearchStrategy: all) found a single bean 
'dataSource' (OnBeanCondition)

   HttpEncodingAutoConfiguration matched:
      - @ConditionalOnClass found required class 
'org.springframework.web.filter.CharacterEncodingFilter' 
(OnClassCondition)
      - found 'session' scope (OnWebApplicationCondition)
      - @ConditionalOnBooleanProperty 
(spring.servlet.encoding.enabled=true) matched 
(OnPropertyCondition)

   HttpEncodingAutoConfiguration#characterEncodingFilter 
matched:
      - @ConditionalOnMissingBean (types: 
org.springframework.web.filter.CharacterEncodingFilter; 
SearchStrategy: all) did not find any beans (OnBeanCondition)

   HttpMessageConvertersAutoConfiguration matched:
      - @ConditionalOnClass found required class 
'org.springframework.http.converter.HttpMessageConverter' 
(OnClassCondition)
      - NoneNestedConditions 0 matched 1 did not; 
NestedCondition on HttpMessageConvertersAutoConfiguration.NotRea
ctiveWebApplicationCondition.ReactiveWebApplication did not 
find reactive web application classes (HttpMessageConvertersAuto
Configuration.NotReactiveWebApplicationCondition)

   HttpMessageConvertersAutoConfiguration.StringHttpMessageConve
rterConfiguration#stringHttpMessageConvertersCustomizer matched:
      - @ConditionalOnMissingBean (types: 
org.springframework.http.converter.StringHttpMessageConverter; 
SearchStrategy: all) did not find any beans (OnBeanCondition)

   Jackson2EndpointAutoConfiguration matched:
      - @ConditionalOnClass found required classes 
'com.fasterxml.jackson.databind.ObjectMapper', 'org.springframew
ork.http.converter.json.Jackson2ObjectMapperBuilder' 
(OnClassCondition)

   Jackson2EndpointAutoConfiguration#jackson2EndpointJsonMapper 
matched:
      - @ConditionalOnBooleanProperty 
(management.endpoints.jackson2.isolated-object-mapper=true) 
matched (OnPropertyCondition)

   JacksonAutoConfiguration matched:
      - @ConditionalOnClass found required class 
'tools.jackson.databind.json.JsonMapper' (OnClassCondition)

   JacksonAutoConfiguration#jacksonJsonMapper matched:
      - @ConditionalOnMissingBean (types: 
tools.jackson.databind.json.JsonMapper; SearchStrategy: all) 
did not find any beans (OnBeanCondition)

   JacksonAutoConfiguration#jsonMapperBuilder matched:
      - @ConditionalOnMissingBean (types: 
tools.jackson.databind.json.JsonMapper$Builder; SearchStrategy: 
all) did not find any beans (OnBeanCondition)

   JacksonAutoConfiguration.JsonProblemDetailsConfiguration 
matched:
      - @ConditionalOnClass found required class 
'org.springframework.http.ProblemDetail' (OnClassCondition)

   JacksonEndpointAutoConfiguration matched:
      - @ConditionalOnClass found required class 
'tools.jackson.databind.json.JsonMapper' (OnClassCondition)

   JacksonEndpointAutoConfiguration#endpointJsonMapper matched:
      - @ConditionalOnBooleanProperty 
(management.endpoints.jackson.isolated-json-mapper=true) 
matched (OnPropertyCondition)

   JacksonHttpMessageConvertersConfiguration.JacksonJsonHttpMess
ageConverterConfiguration matched:
      - @ConditionalOnClass found required class 
'tools.jackson.databind.json.JsonMapper' (OnClassCondition)
      - @ConditionalOnProperty 
(spring.http.converters.preferred-json-mapper=jackson) matched 
(OnPropertyCondition)
      - @ConditionalOnBean (types: 
tools.jackson.databind.json.JsonMapper; SearchStrategy: all) 
found bean 'jacksonJsonMapper' (OnBeanCondition)

   JacksonHttpMessageConvertersConfiguration.JacksonJsonHttpMess
ageConverterConfiguration#jacksonJsonHttpMessageConvertersCustom
izer matched:
      - @ConditionalOnMissingBean (types: org.springframework.ht
tp.converter.json.JacksonJsonHttpMessageConverter ignored: org.s
pringframework.hateoas.server.mvc.TypeConstrainedJacksonJsonHttp
MessageConverter,org.springframework.data.rest.webmvc.alps.AlpsJ
acksonJsonHttpMessageConverter; SearchStrategy: all) did not 
find any beans (OnBeanCondition)

   JdbcClientAutoConfiguration matched:
      - @ConditionalOnSingleCandidate (types: org.springframewor
k.jdbc.core.namedparam.NamedParameterJdbcTemplate; 
SearchStrategy: all) found a single bean 
'namedParameterJdbcTemplate'; @ConditionalOnMissingBean (types: 
org.springframework.jdbc.core.simple.JdbcClient; 
SearchStrategy: all) did not find any beans (OnBeanCondition)

   JdbcTemplateAutoConfiguration matched:
      - @ConditionalOnClass found required classes 
'javax.sql.DataSource', 
'org.springframework.jdbc.core.JdbcTemplate' (OnClassCondition)
      - @ConditionalOnSingleCandidate (types: 
javax.sql.DataSource; SearchStrategy: all) found a single bean 
'dataSource' (OnBeanCondition)

   JdbcTemplateConfiguration matched:
      - @ConditionalOnMissingBean (types: 
org.springframework.jdbc.core.JdbcOperations; SearchStrategy: 
all) did not find any beans (OnBeanCondition)

   JpaBaseConfiguration#entityManagerFactory matched:
      - @ConditionalOnMissingBean (types: org.springframework.or
m.jpa.LocalContainerEntityManagerFactoryBean,jakarta.persistence
.EntityManagerFactory; SearchStrategy: all) did not find any 
beans (OnBeanCondition)

   JpaBaseConfiguration#entityManagerFactoryBuilder matched:
      - @ConditionalOnMissingBean (types: 
org.springframework.boot.jpa.EntityManagerFactoryBuilder; 
SearchStrategy: all) did not find any beans (OnBeanCondition)

   JpaBaseConfiguration#jpaVendorAdapter matched:
      - @ConditionalOnMissingBean (types: 
org.springframework.orm.jpa.JpaVendorAdapter; SearchStrategy: 
all) did not find any beans (OnBeanCondition)

   JpaBaseConfiguration#transactionManager matched:
      - @ConditionalOnMissingBean (types: 
org.springframework.transaction.TransactionManager; 
SearchStrategy: all) did not find any beans (OnBeanCondition)

   JpaBaseConfiguration.JpaWebConfiguration matched:
      - @ConditionalOnClass found required class 'org.springfram
ework.web.servlet.config.annotation.WebMvcConfigurer' 
(OnClassCondition)
      - found 'session' scope (OnWebApplicationCondition)
      - @ConditionalOnBooleanProperty 
(spring.jpa.open-in-view=true) matched (OnPropertyCondition)
      - @ConditionalOnMissingBean (types: org.springframework.or
m.jpa.support.OpenEntityManagerInViewInterceptor,org.springframe
work.orm.jpa.support.OpenEntityManagerInViewFilter; 
SearchStrategy: all) did not find any beans (OnBeanCondition)

   JpaBaseConfiguration.PersistenceManagedTypesConfiguration 
matched:
      - @ConditionalOnMissingBean (types: org.springframework.or
m.jpa.LocalContainerEntityManagerFactoryBean,jakarta.persistence
.EntityManagerFactory; SearchStrategy: all) did not find any 
beans (OnBeanCondition)

   JpaBaseConfiguration.PersistenceManagedTypesConfiguration#per
sistenceManagedTypes matched:
      - @ConditionalOnMissingBean (types: org.springframework.or
m.jpa.persistenceunit.PersistenceManagedTypes; SearchStrategy: 
all) did not find any beans (OnBeanCondition)

   JtaAutoConfiguration matched:
      - @ConditionalOnClass found required class 
'jakarta.transaction.Transaction' (OnClassCondition)
      - @ConditionalOnBooleanProperty (spring.jta.enabled=true) 
matched (OnPropertyCondition)

   JvmMetricsAutoConfiguration matched:
      - @ConditionalOnClass found required class 
'io.micrometer.core.instrument.MeterRegistry' (OnClassCondition)
      - @ConditionalOnBean (types: 
io.micrometer.core.instrument.MeterRegistry; SearchStrategy: 
all) found bean 'simpleMeterRegistry' (OnBeanCondition)

   JvmMetricsAutoConfiguration#classLoaderMetrics matched:
      - @ConditionalOnMissingBean (types: 
io.micrometer.core.instrument.binder.jvm.ClassLoaderMetrics; 
SearchStrategy: all) did not find any beans (OnBeanCondition)

   JvmMetricsAutoConfiguration#jvmCompilationMetrics matched:
      - @ConditionalOnMissingBean (types: 
io.micrometer.core.instrument.binder.jvm.JvmCompilationMetrics; 
SearchStrategy: all) did not find any beans (OnBeanCondition)

   JvmMetricsAutoConfiguration#jvmGcMetrics matched:
      - @ConditionalOnMissingBean (types: 
io.micrometer.core.instrument.binder.jvm.JvmGcMetrics; 
SearchStrategy: all) did not find any beans (OnBeanCondition)

   JvmMetricsAutoConfiguration#jvmHeapPressureMetrics matched:
      - @ConditionalOnMissingBean (types: io.micrometer.core.ins
trument.binder.jvm.JvmHeapPressureMetrics; SearchStrategy: all) 
did not find any beans (OnBeanCondition)

   JvmMetricsAutoConfiguration#jvmInfoMetrics matched:
      - @ConditionalOnMissingBean (types: 
io.micrometer.core.instrument.binder.jvm.JvmInfoMetrics; 
SearchStrategy: all) did not find any beans (OnBeanCondition)

   JvmMetricsAutoConfiguration#jvmMemoryMetrics matched:
      - @ConditionalOnMissingBean (types: 
io.micrometer.core.instrument.binder.jvm.JvmMemoryMetrics; 
SearchStrategy: all) did not find any beans (OnBeanCondition)

   JvmMetricsAutoConfiguration#jvmThreadMetrics matched:
      - @ConditionalOnMissingBean (types: 
io.micrometer.core.instrument.binder.jvm.JvmThreadMetrics; 
SearchStrategy: all) did not find any beans (OnBeanCondition)

   LifecycleAutoConfiguration#defaultLifecycleProcessor matched:
      - @ConditionalOnMissingBean (names: lifecycleProcessor; 
SearchStrategy: current) did not find any beans 
(OnBeanCondition)

   LogbackMetricsAutoConfiguration matched:
      - @ConditionalOnClass found required classes 
'io.micrometer.core.instrument.MeterRegistry', 
'ch.qos.logback.classic.LoggerContext', 
'org.slf4j.LoggerFactory' (OnClassCondition)
      - LogbackLoggingCondition ILoggerFactory is a Logback 
LoggerContext 
(LogbackMetricsAutoConfiguration.LogbackLoggingCondition)
      - @ConditionalOnBean (types: 
io.micrometer.core.instrument.MeterRegistry; SearchStrategy: 
all) found bean 'simpleMeterRegistry' (OnBeanCondition)

   LogbackMetricsAutoConfiguration#logbackMetrics matched:
      - @ConditionalOnMissingBean (types: 
io.micrometer.core.instrument.binder.logging.LogbackMetrics; 
SearchStrategy: all) did not find any beans (OnBeanCondition)

   ManagementContextAutoConfiguration.SameManagementContextConfi
guration matched:
      - Management Port actual port type (SAME) matched 
required type (OnManagementPortCondition)

   MetricsAutoConfiguration matched:
      - @ConditionalOnClass found required class 
'io.micrometer.core.annotation.Timed' (OnClassCondition)

   MetricsAutoConfiguration#micrometerClock matched:
      - @ConditionalOnMissingBean (types: 
io.micrometer.core.instrument.Clock; SearchStrategy: all) did 
not find any beans (OnBeanCondition)

   MultipartAutoConfiguration matched:
      - @ConditionalOnClass found required classes 
'jakarta.servlet.Servlet', 'org.springframework.web.multipart.su
pport.StandardServletMultipartResolver', 
'jakarta.servlet.MultipartConfigElement' (OnClassCondition)
      - found 'session' scope (OnWebApplicationCondition)
      - @ConditionalOnBooleanProperty 
(spring.servlet.multipart.enabled=true) matched 
(OnPropertyCondition)

   MultipartAutoConfiguration#multipartConfigElement matched:
      - @ConditionalOnMissingBean (types: 
jakarta.servlet.MultipartConfigElement; SearchStrategy: all) 
did not find any beans (OnBeanCondition)

   MultipartAutoConfiguration#multipartResolver matched:
      - @ConditionalOnMissingBean (types: 
org.springframework.web.multipart.MultipartResolver; 
SearchStrategy: all) did not find any beans (OnBeanCondition)

   NamedParameterJdbcTemplateConfiguration matched:
      - @ConditionalOnSingleCandidate (types: 
org.springframework.jdbc.core.JdbcTemplate; SearchStrategy: 
all) found a single bean 'jdbcTemplate'; 
@ConditionalOnMissingBean (types: org.springframework.jdbc.core.
namedparam.NamedParameterJdbcOperations; SearchStrategy: all) 
did not find any beans (OnBeanCondition)

   ObservationAutoConfiguration matched:
      - @ConditionalOnClass found required class 
'io.micrometer.observation.ObservationRegistry' 
(OnClassCondition)

   ObservationAutoConfiguration#observationRegistry matched:
      - @ConditionalOnMissingBean (types: 
io.micrometer.observation.ObservationRegistry; SearchStrategy: 
all) did not find any beans (OnBeanCondition)

   ObservationAutoConfiguration#spelValueExpressionResolver 
matched:
      - @ConditionalOnMissingBean (types: 
io.micrometer.common.annotation.ValueExpressionResolver; 
SearchStrategy: all) did not find any beans (OnBeanCondition)

   PersistenceExceptionTranslationAutoConfiguration matched:
      - @ConditionalOnClass found required class 'org.springfram
ework.dao.annotation.PersistenceExceptionTranslationPostProcesso
r' (OnClassCondition)

   PersistenceExceptionTranslationAutoConfiguration#persistenceE
xceptionTranslationPostProcessor matched:
      - @ConditionalOnBooleanProperty 
(spring.persistence.exceptiontranslation.enabled=true) matched 
(OnPropertyCondition)
      - @ConditionalOnMissingBean (types: org.springframework.da
o.annotation.PersistenceExceptionTranslationPostProcessor; 
SearchStrategy: all) did not find any beans (OnBeanCondition)

   PropertyPlaceholderAutoConfiguration#propertySourcesPlacehold
erConfigurer matched:
      - @ConditionalOnMissingBean (types: org.springframework.co
ntext.support.PropertySourcesPlaceholderConfigurer; 
SearchStrategy: current) did not find any beans 
(OnBeanCondition)

   ScheduledTasksObservationAutoConfiguration matched:
      - @ConditionalOnClass found required class 'org.springfram
ework.scheduling.concurrent.ThreadPoolTaskScheduler' 
(OnClassCondition)
      - @ConditionalOnBean (types: 
io.micrometer.observation.ObservationRegistry; SearchStrategy: 
all) found bean 'observationRegistry' (OnBeanCondition)

   SecurityAutoConfiguration matched:
      - @ConditionalOnClass found required class 'org.springfram
ework.security.authentication.DefaultAuthenticationEventPublishe
r' (OnClassCondition)

   SecurityAutoConfiguration#authenticationEventPublisher 
matched:
      - @ConditionalOnMissingBean (types: org.springframework.se
curity.authentication.AuthenticationEventPublisher; 
SearchStrategy: all) did not find any beans (OnBeanCondition)

   SecurityFilterAutoConfiguration matched:
      - @ConditionalOnClass found required classes 'org.springfr
amework.security.web.context.AbstractSecurityWebApplicationIniti
alizer', 'org.springframework.security.config.http.SessionCreati
onPolicy' (OnClassCondition)
      - found 'session' scope (OnWebApplicationCondition)

   
SecurityFilterAutoConfiguration#securityFilterChainRegistration 
matched:
      - @ConditionalOnBean (names: springSecurityFilterChain; 
SearchStrategy: all) found bean 'springSecurityFilterChain' 
(OnBeanCondition)

   SecurityRequestMatchersManagementContextConfiguration 
matched:
      - @ConditionalOnClass found required class 
'org.springframework.security.web.util.matcher.RequestMatcher' 
(OnClassCondition)
      - found 'session' scope (OnWebApplicationCondition)

   SecurityRequestMatchersManagementContextConfiguration.MvcRequ
estMatcherConfiguration matched:
      - @ConditionalOnClass found required class 
'org.springframework.web.servlet.DispatcherServlet' 
(OnClassCondition)
      - @ConditionalOnBean (types: org.springframework.boot.webm
vc.autoconfigure.DispatcherServletPath; SearchStrategy: all) 
found bean 'dispatcherServletRegistration' (OnBeanCondition)

   SecurityRequestMatchersManagementContextConfiguration.MvcRequ
estMatcherConfiguration#requestMatcherProvider matched:
      - @ConditionalOnMissingBean (types: org.springframework.bo
ot.security.autoconfigure.actuate.web.servlet.RequestMatcherProv
ider; SearchStrategy: all) did not find any beans 
(OnBeanCondition)

   ServletEndpointManagementContextConfiguration matched:
      - found 'session' scope (OnWebApplicationCondition)

   ServletManagementContextAutoConfiguration matched:
      - @ConditionalOnClass found required classes 
'jakarta.servlet.Servlet', 'org.springframework.boot.actuate.aut
oconfigure.endpoint.web.WebEndpointProperties' 
(OnClassCondition)
      - found 'session' scope (OnWebApplicationCondition)

   ServletWebSecurityAutoConfiguration matched:
      - @ConditionalOnClass found required class 'org.springfram
ework.security.config.annotation.web.configuration.EnableWebSecu
rity' (OnClassCondition)
      - found 'session' scope (OnWebApplicationCondition)

   ServletWebSecurityAutoConfiguration.EnableWebSecurityConfigur
ation matched:
      - @ConditionalOnClass found required class 'org.springfram
ework.security.config.annotation.web.configuration.EnableWebSecu
rity' (OnClassCondition)
      - @ConditionalOnMissingBean (names: 
springSecurityFilterChain; SearchStrategy: all) did not find 
any beans (OnBeanCondition)

   ServletWebSecurityAutoConfiguration.PathPatternRequestMatcher
BuilderConfiguration matched:
      - @ConditionalOnClass found required class 'org.springfram
ework.boot.webmvc.autoconfigure.DispatcherServletPath' 
(OnClassCondition)
      - @ConditionalOnBean (types: org.springframework.boot.webm
vc.autoconfigure.DispatcherServletPath; SearchStrategy: all) 
found bean 'dispatcherServletRegistration' (OnBeanCondition)

   ServletWebSecurityAutoConfiguration.PathPatternRequestMatcher
BuilderConfiguration#pathPatternRequestMatcherBuilder matched:
      - @ConditionalOnMissingBean (types: org.springframework.se
curity.web.servlet.util.matcher.PathPatternRequestMatcher$Builde
r; SearchStrategy: all) did not find any beans (OnBeanCondition)

   SimpleMetricsExportAutoConfiguration matched:
      - @ConditionalOnEnabledMetricsExport 
management.defaults.metrics.export.enabled is considered true 
(OnMetricsExportEnabledCondition)
      - @ConditionalOnBean (types: 
io.micrometer.core.instrument.Clock; SearchStrategy: all) found 
bean 'micrometerClock'; @ConditionalOnMissingBean (types: 
io.micrometer.core.instrument.MeterRegistry; SearchStrategy: 
all) did not find any beans (OnBeanCondition)

   SimpleMetricsExportAutoConfiguration#simpleConfig matched:
      - @ConditionalOnMissingBean (types: 
io.micrometer.core.instrument.simple.SimpleConfig; 
SearchStrategy: all) did not find any beans (OnBeanCondition)

   SslAutoConfiguration#sslBundleRegistry matched:
      - @ConditionalOnMissingBean (types: org.springframework.bo
ot.ssl.SslBundleRegistry,org.springframework.boot.ssl.SslBundles
; SearchStrategy: all) did not find any beans (OnBeanCondition)

   SslHealthContributorAutoConfiguration matched:
      - @ConditionalOnClass found required class 
'org.springframework.boot.health.contributor.Health' 
(OnClassCondition)
      - @ConditionalOnEnabledHealthIndicator 
management.health.defaults.enabled is considered true 
(OnEnabledHealthIndicatorCondition)

   SslHealthContributorAutoConfiguration#sslHealthIndicator 
matched:
      - @ConditionalOnMissingBean (names: sslHealthIndicator; 
SearchStrategy: all) did not find any beans (OnBeanCondition)

   SslHealthContributorAutoConfiguration#sslInfo matched:
      - @ConditionalOnMissingBean (types: 
org.springframework.boot.info.SslInfo; SearchStrategy: all) did 
not find any beans (OnBeanCondition)

   SslMetricsAutoConfiguration matched:
      - @ConditionalOnClass found required class 
'io.micrometer.core.instrument.MeterRegistry' (OnClassCondition)
      - @ConditionalOnBean (types: io.micrometer.core.instrument
.MeterRegistry,org.springframework.boot.ssl.SslBundles; 
SearchStrategy: all) found beans 'sslBundleRegistry', 
'simpleMeterRegistry' (OnBeanCondition)

   StartupTimeMetricsListenerAutoConfiguration matched:
      - @ConditionalOnClass found required class 
'io.micrometer.core.instrument.MeterRegistry' (OnClassCondition)
      - @ConditionalOnBean (types: 
io.micrometer.core.instrument.MeterRegistry; SearchStrategy: 
all) found bean 'simpleMeterRegistry' (OnBeanCondition)

   
StartupTimeMetricsListenerAutoConfiguration#startupTimeMetrics 
matched:
      - @ConditionalOnMissingBean (types: org.springframework.bo
ot.micrometer.metrics.startup.StartupTimeMetricsListener; 
SearchStrategy: all) did not find any beans (OnBeanCondition)

   SystemMetricsAutoConfiguration matched:
      - @ConditionalOnClass found required class 
'io.micrometer.core.instrument.MeterRegistry' (OnClassCondition)
      - @ConditionalOnBean (types: 
io.micrometer.core.instrument.MeterRegistry; SearchStrategy: 
all) found bean 'simpleMeterRegistry' (OnBeanCondition)

   SystemMetricsAutoConfiguration#diskSpaceMetrics matched:
      - @ConditionalOnMissingBean (types: org.springframework.bo
ot.micrometer.metrics.system.DiskSpaceMetricsBinder; 
SearchStrategy: all) did not find any beans (OnBeanCondition)

   SystemMetricsAutoConfiguration#fileDescriptorMetrics matched:
      - @ConditionalOnMissingBean (types: io.micrometer.core.ins
trument.binder.system.FileDescriptorMetrics; SearchStrategy: 
all) did not find any beans (OnBeanCondition)

   SystemMetricsAutoConfiguration#processorMetrics matched:
      - @ConditionalOnMissingBean (types: 
io.micrometer.core.instrument.binder.system.ProcessorMetrics; 
SearchStrategy: all) did not find any beans (OnBeanCondition)

   SystemMetricsAutoConfiguration#uptimeMetrics matched:
      - @ConditionalOnMissingBean (types: 
io.micrometer.core.instrument.binder.system.UptimeMetrics; 
SearchStrategy: all) did not find any beans (OnBeanCondition)

   TaskExecutionAutoConfiguration matched:
      - @ConditionalOnClass found required class 'org.springfram
ework.scheduling.concurrent.ThreadPoolTaskExecutor' 
(OnClassCondition)

   TaskExecutorConfigurations.AsyncConfigurerConfiguration 
matched:
      - @ConditionalOnMissingBean (types: 
org.springframework.scheduling.annotation.AsyncConfigurer; 
SearchStrategy: all) did not find any beans (OnBeanCondition)

   TaskExecutorConfigurations.SimpleAsyncTaskExecutorBuilderConf
iguration#simpleAsyncTaskExecutorBuilder matched:
      - @ConditionalOnMissingBean (types: 
org.springframework.boot.task.SimpleAsyncTaskExecutorBuilder; 
SearchStrategy: all) did not find any beans (OnBeanCondition)
      - @ConditionalOnThreading found PLATFORM 
(OnThreadingCondition)

   TaskExecutorConfigurations.TaskExecutorConfiguration matched:
      - AnyNestedCondition 1 matched 1 did not; NestedCondition 
on 
TaskExecutorConfigurations.OnExecutorCondition.ModelCondition 
@ConditionalOnProperty (spring.task.execution.mode=force) did 
not find property 'spring.task.execution.mode'; NestedCondition 
on TaskExecutorConfigurations.OnExecutorCondition.ExecutorBeanCo
ndition @ConditionalOnMissingBean (types: 
java.util.concurrent.Executor; SearchStrategy: all) did not 
find any beans (TaskExecutorConfigurations.OnExecutorCondition)

   TaskExecutorConfigurations.TaskExecutorConfiguration#applicat
ionTaskExecutor matched:
      - @ConditionalOnThreading found PLATFORM 
(OnThreadingCondition)

   TaskExecutorConfigurations.ThreadPoolTaskExecutorBuilderConfi
guration#threadPoolTaskExecutorBuilder matched:
      - @ConditionalOnMissingBean (types: 
org.springframework.boot.task.ThreadPoolTaskExecutorBuilder; 
SearchStrategy: all) did not find any beans (OnBeanCondition)

   TaskExecutorMetricsAutoConfiguration matched:
      - @ConditionalOnClass found required class 'io.micrometer.
core.instrument.binder.jvm.ExecutorServiceMetrics' 
(OnClassCondition)
      - @ConditionalOnBean (types: java.util.concurrent.Executor
,io.micrometer.core.instrument.MeterRegistry; SearchStrategy: 
all) found beans 'applicationTaskExecutor', 
'simpleMeterRegistry', 'taskScheduler' (OnBeanCondition)

   TaskSchedulingAutoConfiguration matched:
      - @ConditionalOnClass found required class 'org.springfram
ework.scheduling.concurrent.ThreadPoolTaskScheduler' 
(OnClassCondition)

   TaskSchedulingAutoConfiguration#scheduledBeanLazyInitializati
onExcludeFilter matched:
      - @ConditionalOnBean (names: org.springframework.schedulin
g.config.internalScheduledAnnotationProcessor; SearchStrategy: 
all) found bean 'org.springframework.scheduling.config.internalS
cheduledAnnotationProcessor' (OnBeanCondition)

   TaskSchedulingConfigurations.SimpleAsyncTaskSchedulerBuilderC
onfiguration#simpleAsyncTaskSchedulerBuilder matched:
      - @ConditionalOnMissingBean (types: 
org.springframework.boot.task.SimpleAsyncTaskSchedulerBuilder; 
SearchStrategy: all) did not find any beans (OnBeanCondition)
      - @ConditionalOnThreading found PLATFORM 
(OnThreadingCondition)

   TaskSchedulingConfigurations.TaskSchedulerConfiguration 
matched:
      - @ConditionalOnBean (names: org.springframework.schedulin
g.config.internalScheduledAnnotationProcessor; SearchStrategy: 
all) found bean 'org.springframework.scheduling.config.internalS
cheduledAnnotationProcessor'; @ConditionalOnMissingBean (types: 
org.springframework.scheduling.TaskScheduler,java.util.concurren
t.ScheduledExecutorService; SearchStrategy: all) did not find 
any beans (OnBeanCondition)

   TaskSchedulingConfigurations.TaskSchedulerConfiguration#taskS
cheduler matched:
      - @ConditionalOnThreading found PLATFORM 
(OnThreadingCondition)

   TaskSchedulingConfigurations.ThreadPoolTaskSchedulerBuilderCo
nfiguration#threadPoolTaskSchedulerBuilder matched:
      - @ConditionalOnMissingBean (types: 
org.springframework.boot.task.ThreadPoolTaskSchedulerBuilder; 
SearchStrategy: all) did not find any beans (OnBeanCondition)

   TomcatMetricsAutoConfiguration matched:
      - @ConditionalOnClass found required classes 
'io.micrometer.core.instrument.binder.tomcat.TomcatMetrics', 
'org.apache.catalina.Manager', 
'io.micrometer.core.instrument.MeterRegistry' (OnClassCondition)
      - @ConditionalOnWebApplication (required) found 'session' 
scope (OnWebApplicationCondition)

   TomcatMetricsAutoConfiguration#tomcatMetricsBinder matched:
      - @ConditionalOnBean (types: 
io.micrometer.core.instrument.MeterRegistry; SearchStrategy: 
all) found bean 'simpleMeterRegistry'; 
@ConditionalOnMissingBean (types: io.micrometer.core.instrument.
binder.tomcat.TomcatMetrics,org.springframework.boot.tomcat.metr
ics.TomcatMetricsBinder; SearchStrategy: all) did not find any 
beans (OnBeanCondition)

   TomcatServletWebServerAutoConfiguration matched:
      - @ConditionalOnClass found required classes 
'jakarta.servlet.ServletRequest', 
'org.apache.catalina.startup.Tomcat', 
'org.apache.coyote.UpgradeProtocol', 'org.springframework.boot.t
omcat.servlet.TomcatServletWebServerFactory' (OnClassCondition)
      - found 'session' scope (OnWebApplicationCondition)

   TomcatServletWebServerAutoConfiguration#tomcatServletWebServe
rFactory matched:
      - @ConditionalOnMissingBean (types: org.springframework.bo
ot.web.server.servlet.ServletWebServerFactory; SearchStrategy: 
current) did not find any beans (OnBeanCondition)

   TransactionAutoConfiguration matched:
      - @ConditionalOnClass found required class 
'org.springframework.transaction.PlatformTransactionManager' 
(OnClassCondition)

   TransactionAutoConfiguration.EnableTransactionManagementConfi
guration matched:
      - @ConditionalOnBean (types: 
org.springframework.transaction.TransactionManager; 
SearchStrategy: all) found bean 'transactionManager'; 
@ConditionalOnMissingBean (types: org.springframework.transactio
n.annotation.AbstractTransactionManagementConfiguration; 
SearchStrategy: all) did not find any beans (OnBeanCondition)

   TransactionAutoConfiguration.EnableTransactionManagementConfi
guration.CglibAutoProxyConfiguration matched:
      - @ConditionalOnBooleanProperty 
(spring.aop.proxy-target-class=true) matched 
(OnPropertyCondition)

   
TransactionAutoConfiguration.TransactionTemplateConfiguration 
matched:
      - @ConditionalOnSingleCandidate (types: 
org.springframework.transaction.PlatformTransactionManager; 
SearchStrategy: all) found a single bean 'transactionManager' 
(OnBeanCondition)

   TransactionAutoConfiguration.TransactionTemplateConfiguration
#transactionTemplate matched:
      - @ConditionalOnMissingBean (types: 
org.springframework.transaction.support.TransactionOperations; 
SearchStrategy: all) did not find any beans (OnBeanCondition)

   TransactionManagerCustomizationAutoConfiguration matched:
      - @ConditionalOnClass found required class 
'org.springframework.transaction.PlatformTransactionManager' 
(OnClassCondition)

   TransactionManagerCustomizationAutoConfiguration#platformTran
sactionManagerCustomizers matched:
      - @ConditionalOnMissingBean (types: org.springframework.bo
ot.transaction.autoconfigure.TransactionManagerCustomizers; 
SearchStrategy: all) did not find any beans (OnBeanCondition)

   ValidationAutoConfiguration matched:
      - @ConditionalOnClass found required class 
'jakarta.validation.executable.ExecutableValidator' 
(OnClassCondition)
      - @ConditionalOnResource found location classpath:META-INF
/services/jakarta.validation.spi.ValidationProvider 
(OnResourceCondition)

   ValidationAutoConfiguration#defaultValidator matched:
      - @ConditionalOnMissingBean (types: 
jakarta.validation.Validator; SearchStrategy: all) did not find 
any beans (OnBeanCondition)

   ValidationAutoConfiguration#methodValidationPostProcessor 
matched:
      - @ConditionalOnMissingBean (types: org.springframework.va
lidation.beanvalidation.MethodValidationPostProcessor; 
SearchStrategy: current) did not find any beans 
(OnBeanCondition)

   WebEndpointAutoConfiguration matched:
      - @ConditionalOnWebApplication (required) found 'session' 
scope (OnWebApplicationCondition)

   WebEndpointAutoConfiguration#controllerEndpointDiscoverer 
matched:
      - @ConditionalOnMissingBean (types: org.springframework.bo
ot.actuate.endpoint.web.annotation.ControllerEndpointsSupplier; 
SearchStrategy: all) did not find any beans (OnBeanCondition)

   WebEndpointAutoConfiguration#endpointMediaTypes matched:
      - @ConditionalOnMissingBean (types: org.springframework.bo
ot.actuate.endpoint.web.EndpointMediaTypes; SearchStrategy: 
all) did not find any beans (OnBeanCondition)

   WebEndpointAutoConfiguration#pathMappedEndpoints matched:
      - @ConditionalOnMissingBean (types: org.springframework.bo
ot.actuate.endpoint.web.PathMappedEndpoints; SearchStrategy: 
all) did not find any beans (OnBeanCondition)

   WebEndpointAutoConfiguration#webEndpointDiscoverer matched:
      - @ConditionalOnMissingBean (types: org.springframework.bo
ot.actuate.endpoint.web.WebEndpointsSupplier; SearchStrategy: 
all) did not find any beans (OnBeanCondition)

   WebEndpointAutoConfiguration.WebEndpointServletConfiguration 
matched:
      - found 'session' scope (OnWebApplicationCondition)

   WebEndpointAutoConfiguration.WebEndpointServletConfiguration#
servletEndpointDiscoverer matched:
      - @ConditionalOnMissingBean (types: org.springframework.bo
ot.actuate.endpoint.web.annotation.ServletEndpointsSupplier; 
SearchStrategy: all) did not find any beans (OnBeanCondition)

   WebMvcAutoConfiguration matched:
      - @ConditionalOnClass found required classes 
'jakarta.servlet.Servlet', 
'org.springframework.web.servlet.DispatcherServlet', 'org.spring
framework.web.servlet.config.annotation.WebMvcConfigurer' 
(OnClassCondition)
      - found 'session' scope (OnWebApplicationCondition)
      - @ConditionalOnMissingBean (types: org.springframework.we
b.servlet.config.annotation.WebMvcConfigurationSupport; 
SearchStrategy: all) did not find any beans (OnBeanCondition)

   WebMvcAutoConfiguration#formContentFilter matched:
      - @ConditionalOnBooleanProperty 
(spring.mvc.formcontent.filter.enabled=true) matched 
(OnPropertyCondition)
      - @ConditionalOnMissingBean (types: 
org.springframework.web.filter.FormContentFilter; 
SearchStrategy: all) did not find any beans (OnBeanCondition)

   WebMvcAutoConfiguration.EnableWebMvcConfiguration#flashMapMan
ager matched:
      - @ConditionalOnMissingBean (names: flashMapManager; 
SearchStrategy: all) did not find any beans (OnBeanCondition)

   WebMvcAutoConfiguration.EnableWebMvcConfiguration#localeResol
ver matched:
      - @ConditionalOnMissingBean (names: localeResolver; 
SearchStrategy: all) did not find any beans (OnBeanCondition)

   WebMvcAutoConfiguration.EnableWebMvcConfiguration#viewNameTra
nslator matched:
      - @ConditionalOnMissingBean (names: viewNameTranslator; 
SearchStrategy: all) did not find any beans (OnBeanCondition)

   WebMvcAutoConfiguration.WebMvcAutoConfigurationAdapter#defaul
tViewResolver matched:
      - @ConditionalOnMissingBean (types: org.springframework.we
b.servlet.view.InternalResourceViewResolver; SearchStrategy: 
all) did not find any beans (OnBeanCondition)

   WebMvcAutoConfiguration.WebMvcAutoConfigurationAdapter#reques
tContextFilter matched:
      - @ConditionalOnMissingBean (types: org.springframework.we
b.context.request.RequestContextListener,org.springframework.web
.filter.RequestContextFilter; SearchStrategy: all) did not find 
any beans (OnBeanCondition)

   WebMvcAutoConfiguration.WebMvcAutoConfigurationAdapter#viewRe
solver matched:
      - @ConditionalOnBean (types: 
org.springframework.web.servlet.ViewResolver; SearchStrategy: 
all) found beans 'defaultViewResolver', 'beanNameViewResolver', 
'mvcViewResolver'; @ConditionalOnMissingBean (names: 
viewResolver types: org.springframework.web.servlet.view.Content
NegotiatingViewResolver; SearchStrategy: all) did not find any 
beans (OnBeanCondition)

   WebMvcEndpointManagementContextConfiguration matched:
      - found 'session' scope (OnWebApplicationCondition)
      - @ConditionalOnBean (types: org.springframework.web.servl
et.DispatcherServlet,org.springframework.boot.actuate.endpoint.w
eb.WebEndpointsSupplier; SearchStrategy: all) found beans 
'webEndpointDiscoverer', 'dispatcherServlet' (OnBeanCondition)

   WebMvcEndpointManagementContextConfiguration#controllerEndpoi
ntHandlerMapping matched:
      - @ConditionalOnMissingBean (types: org.springframework.bo
ot.webmvc.actuate.endpoint.web.ControllerEndpointHandlerMapping;
 SearchStrategy: all) did not find any beans (OnBeanCondition)

   WebMvcEndpointManagementContextConfiguration#endpointJackson2
ObjectMapperWebMvcConfigurer matched:
      - @ConditionalOnBean (types: org.springframework.boot.actu
ate.endpoint.jackson.EndpointJackson2ObjectMapper; 
SearchStrategy: all) found bean 'jackson2EndpointJsonMapper' 
(OnBeanCondition)

   WebMvcEndpointManagementContextConfiguration#endpointJsonMapp
erWebMvcConfigurer matched:
      - @ConditionalOnBean (types: org.springframework.boot.actu
ate.endpoint.jackson.EndpointJsonMapper; SearchStrategy: all) 
found bean 'endpointJsonMapper' (OnBeanCondition)

   WebMvcEndpointManagementContextConfiguration#webEndpointServl
etHandlerMapping matched:
      - @ConditionalOnMissingBean (types: org.springframework.bo
ot.webmvc.actuate.endpoint.web.WebMvcEndpointHandlerMapping; 
SearchStrategy: all) did not find any beans (OnBeanCondition)

   WebMvcEndpointManagementContextConfiguration.HealthConfigurat
ion matched:
      - @ConditionalOnClass found required class 'org.springfram
ework.boot.health.actuate.endpoint.HealthEndpoint' 
(OnClassCondition)

   WebMvcHealthEndpointExtensionAutoConfiguration matched:
      - @ConditionalOnClass found required class 'org.springfram
ework.boot.health.actuate.endpoint.HealthEndpoint' 
(OnClassCondition)
      - found 'session' scope (OnWebApplicationCondition)
      - @ConditionalOnAvailableEndpoint marked as exposed by a 
'management.endpoints.web.exposure' property 
(OnAvailableEndpointCondition)
      - @ConditionalOnBean (types: org.springframework.boot.heal
th.actuate.endpoint.HealthEndpoint,org.springframework.boot.actu
ate.endpoint.web.WebEndpointsSupplier,org.springframework.boot.h
ealth.actuate.endpoint.HealthEndpointGroups; SearchStrategy: 
all) found beans 'webEndpointDiscoverer', 'healthEndpoint', 
'healthEndpointGroups' (OnBeanCondition)

   WebMvcObservationAutoConfiguration matched:
      - @ConditionalOnClass found required classes 
'org.springframework.web.servlet.DispatcherServlet', 
'io.micrometer.observation.Observation', 'org.springframework.bo
ot.micrometer.observation.autoconfigure.ObservationProperties' 
(OnClassCondition)
      - found 'session' scope (OnWebApplicationCondition)
      - @ConditionalOnBean (types: 
io.micrometer.observation.ObservationRegistry; SearchStrategy: 
all) found bean 'observationRegistry' (OnBeanCondition)

   WebMvcObservationAutoConfiguration#webMvcObservationFilter 
matched:
      - @ConditionalOnMissingBean (types: 
org.springframework.web.filter.ServerHttpObservationFilter; 
SearchStrategy: all) did not find any beans (OnBeanCondition)

   WebMvcObservationAutoConfiguration.MeterFilterConfiguration 
matched:
      - @ConditionalOnClass found required classes 
'io.micrometer.core.instrument.MeterRegistry', 'org.springframew
ork.boot.micrometer.metrics.autoconfigure.MetricsProperties' 
(OnClassCondition)
      - @ConditionalOnBean (types: 
io.micrometer.core.instrument.MeterRegistry; SearchStrategy: 
all) found bean 'simpleMeterRegistry' (OnBeanCondition)


Negative matches:
-----------------

   AopAutoConfiguration.AspectJAutoProxyingConfiguration.JdkDyna
micAutoProxyConfiguration:
      Did not match:
         - @ConditionalOnBooleanProperty 
(spring.aop.proxy-target-class=false) did not find property 
'spring.aop.proxy-target-class' (OnPropertyCondition)

   AopAutoConfiguration.ClassProxyingConfiguration:
      Did not match:
         - @ConditionalOnMissingClass found unwanted class 
'org.aspectj.weaver.Advice' (OnClassCondition)

   AppOpticsMetricsExportAutoConfiguration:
      Did not match:
         - @ConditionalOnClass did not find required class 
'io.micrometer.appoptics.AppOpticsMeterRegistry' 
(OnClassCondition)

   AtlasMetricsExportAutoConfiguration:
      Did not match:
         - @ConditionalOnClass did not find required class 
'io.micrometer.atlas.AtlasMeterRegistry' (OnClassCondition)

   AuditAutoConfiguration:
      Did not match:
         - @ConditionalOnBean (types: 
org.springframework.boot.actuate.audit.AuditEventRepository; 
SearchStrategy: all) did not find any beans of type 
org.springframework.boot.actuate.audit.AuditEventRepository 
(OnBeanCondition)
      Matched:
         - @ConditionalOnBooleanProperty 
(management.auditevents.enabled=true) matched 
(OnPropertyCondition)

   AuditEventsEndpointAutoConfiguration:
      Did not match:
         - @ConditionalOnAvailableEndpoint not exposed 
(OnAvailableEndpointCondition)

   AvailabilityHealthContributorAutoConfiguration#livenessStateH
ealthIndicator:
      Did not match:
         - @ConditionalOnBooleanProperty 
(management.health.livenessstate.enabled=true) did not find 
property 'management.health.livenessstate.enabled' 
(OnPropertyCondition)

   AvailabilityHealthContributorAutoConfiguration#readinessState
HealthIndicator:
      Did not match:
         - @ConditionalOnBooleanProperty 
(management.health.readinessstate.enabled=true) did not find 
property 'management.health.readinessstate.enabled' 
(OnPropertyCondition)

   BeansEndpointAutoConfiguration:
      Did not match:
         - @ConditionalOnAvailableEndpoint not exposed 
(OnAvailableEndpointCondition)

   CompositeMeterRegistryConfiguration:
      Did not match:
         - NoneNestedConditions 1 matched 1 did not; 
NestedCondition on CompositeMeterRegistryConfiguration.MultipleN
onPrimaryMeterRegistriesCondition.SingleInjectableMeterRegistry 
@ConditionalOnSingleCandidate (types: 
io.micrometer.core.instrument.MeterRegistry; SearchStrategy: 
all) found a single bean 'simpleMeterRegistry'; NestedCondition 
on CompositeMeterRegistryConfiguration.MultipleNonPrimaryMeterRe
gistriesCondition.NoMeterRegistryCondition 
@ConditionalOnMissingBean (types: 
io.micrometer.core.instrument.MeterRegistry; SearchStrategy: 
all) found beans of type 
'io.micrometer.core.instrument.MeterRegistry' 
simpleMeterRegistry (CompositeMeterRegistryConfiguration.Multipl
eNonPrimaryMeterRegistriesCondition)

   ConditionsReportEndpointAutoConfiguration:
      Did not match:
         - @ConditionalOnAvailableEndpoint not exposed 
(OnAvailableEndpointCondition)

   ConfigurationPropertiesReportEndpointAutoConfiguration:
      Did not match:
         - @ConditionalOnAvailableEndpoint not exposed 
(OnAvailableEndpointCondition)

   DataJpaRepositoriesAutoConfiguration#entityManagerFactoryBoot
strapExecutorCustomizer:
      Did not match:
         - AnyNestedCondition 0 matched 2 did not; 
NestedCondition on DataJpaRepositoriesAutoConfiguration.Bootstra
pExecutorCondition.LazyBootstrapMode @ConditionalOnProperty 
(spring.data.jpa.repositories.bootstrap-mode=lazy) did not find 
property 'spring.data.jpa.repositories.bootstrap-mode'; 
NestedCondition on DataJpaRepositoriesAutoConfiguration.Bootstra
pExecutorCondition.DeferredBootstrapMode @ConditionalOnProperty 
(spring.data.jpa.repositories.bootstrap-mode=deferred) did not 
find property 'spring.data.jpa.repositories.bootstrap-mode' (Dat
aJpaRepositoriesAutoConfiguration.BootstrapExecutorCondition)

   DataSourceAutoConfiguration.EmbeddedDatabaseConfiguration:
      Did not match:
         - EmbeddedDataSource spring.datasource.url is set 
(DataSourceAutoConfiguration.EmbeddedDatabaseCondition)

   DataSourceCheckpointRestoreConfiguration:
      Did not match:
         - @ConditionalOnClass did not find required class 
'org.crac.Resource' (OnClassCondition)

   DataSourceConfiguration.Dbcp2:
      Did not match:
         - @ConditionalOnClass did not find required class 
'org.apache.commons.dbcp2.BasicDataSource' (OnClassCondition)

   DataSourceConfiguration.Generic:
      Did not match:
         - @ConditionalOnProperty (spring.datasource.type) did 
not find property 'spring.datasource.type' (OnPropertyCondition)

   DataSourceConfiguration.OracleUcp:
      Did not match:
         - @ConditionalOnClass did not find required classes 
'oracle.ucp.jdbc.PoolDataSourceImpl', 
'oracle.jdbc.OracleConnection' (OnClassCondition)

   DataSourceConfiguration.Tomcat:
      Did not match:
         - @ConditionalOnClass did not find required class 
'org.apache.tomcat.jdbc.pool.DataSource' (OnClassCondition)

   DataSourceJmxConfiguration:
      Did not match:
         - @ConditionalOnBooleanProperty 
(spring.jmx.enabled=true) found different value in property 
'spring.jmx.enabled' (OnPropertyCondition)

   DataSourcePoolMetadataProvidersConfiguration.CommonsDbcp2Pool
DataSourceMetadataProviderConfiguration:
      Did not match:
         - @ConditionalOnClass did not find required class 
'org.apache.commons.dbcp2.BasicDataSource' (OnClassCondition)

   DataSourcePoolMetadataProvidersConfiguration.OracleUcpPoolDat
aSourceMetadataProviderConfiguration:
      Did not match:
         - @ConditionalOnClass did not find required classes 
'oracle.ucp.jdbc.PoolDataSource', 
'oracle.jdbc.OracleConnection' (OnClassCondition)

   DataSourcePoolMetadataProvidersConfiguration.TomcatDataSource
PoolMetadataProviderConfiguration:
      Did not match:
         - @ConditionalOnClass did not find required class 
'org.apache.tomcat.jdbc.pool.DataSource' (OnClassCondition)

   DataSourceTransactionManagerAutoConfiguration.JdbcTransaction
ManagerConfiguration#transactionManager:
      Did not match:
         - @ConditionalOnMissingBean (types: 
org.springframework.transaction.TransactionManager; 
SearchStrategy: all) found beans of type 
'org.springframework.transaction.TransactionManager' 
transactionManager (OnBeanCondition)

   DatadogMetricsExportAutoConfiguration:
      Did not match:
         - @ConditionalOnClass did not find required class 
'io.micrometer.datadog.DatadogMeterRegistry' (OnClassCondition)

   DispatcherServletAutoConfiguration.DispatcherServletConfigura
tion#multipartResolver:
      Did not match:
         - @ConditionalOnBean (types: 
org.springframework.web.multipart.MultipartResolver; 
SearchStrategy: all) did not find any beans of type 
org.springframework.web.multipart.MultipartResolver 
(OnBeanCondition)

   DynatraceMetricsExportAutoConfiguration:
      Did not match:
         - @ConditionalOnClass did not find required class 
'io.micrometer.dynatrace.DynatraceMeterRegistry' 
(OnClassCondition)

   ElasticMetricsExportAutoConfiguration:
      Did not match:
         - @ConditionalOnClass did not find required class 
'io.micrometer.elastic.ElasticMeterRegistry' (OnClassCondition)

   EnvironmentEndpointAutoConfiguration:
      Did not match:
         - @ConditionalOnAvailableEndpoint not exposed 
(OnAvailableEndpointCondition)

   GangliaMetricsExportAutoConfiguration:
      Did not match:
         - @ConditionalOnClass did not find required class 
'io.micrometer.ganglia.GangliaMeterRegistry' (OnClassCondition)

   GraphiteMetricsExportAutoConfiguration:
      Did not match:
         - @ConditionalOnClass did not find required class 
'io.micrometer.graphite.GraphiteMeterRegistry' 
(OnClassCondition)

   GsonHttpMessageConvertersConfiguration:
      Did not match:
         - @ConditionalOnClass did not find required class 
'com.google.gson.Gson' (OnClassCondition)

   HealthContributorRegistryAutoConfiguration.ReactiveHealthCont
ributorRegistryConfiguration:
      Did not match:
         - @ConditionalOnClass did not find required class 
'reactor.core.publisher.Flux' (OnClassCondition)

   HealthEndpointReactiveWebExtensionConfiguration:
      Did not match:
         - did not find reactive web application classes 
(OnWebApplicationCondition)

   HeapDumpWebEndpointAutoConfiguration:
      Did not match:
         - @ConditionalOnAvailableEndpoint the configured 
access for endpoint 'heapdump' is NONE 
(OnAvailableEndpointCondition)

   HibernateMetricsAutoConfiguration:
      Did not match:
         - @ConditionalOnClass did not find required class 
'org.hibernate.stat.HibernateMetrics' (OnClassCondition)

   HttpExchangesEndpointAutoConfiguration:
      Did not match:
         - @ConditionalOnAvailableEndpoint not exposed 
(OnAvailableEndpointCondition)

   HumioMetricsExportAutoConfiguration:
      Did not match:
         - @ConditionalOnClass did not find required class 
'io.micrometer.humio.HumioMeterRegistry' (OnClassCondition)

   InfluxMetricsExportAutoConfiguration:
      Did not match:
         - @ConditionalOnClass did not find required class 
'io.micrometer.influx.InfluxMeterRegistry' (OnClassCondition)

   InfoContributorAutoConfiguration#buildInfoContributor:
      Did not match:
         - @ConditionalOnSingleCandidate (types: 
org.springframework.boot.info.BuildProperties; SearchStrategy: 
all) did not find any beans (OnBeanCondition)
      Matched:
         - @ConditionalOnEnabledInfoContributor 
management.info.defaults.enabled is considered true 
(OnEnabledInfoContributorCondition)

   InfoContributorAutoConfiguration#envInfoContributor:
      Did not match:
         - @ConditionalOnEnabledInfoContributor 
management.info.env.enabled is not true 
(OnEnabledInfoContributorCondition)

   InfoContributorAutoConfiguration#gitInfoContributor:
      Did not match:
         - @ConditionalOnSingleCandidate (types: 
org.springframework.boot.info.GitProperties; SearchStrategy: 
all) did not find any beans (OnBeanCondition)
      Matched:
         - @ConditionalOnEnabledInfoContributor 
management.info.defaults.enabled is considered true 
(OnEnabledInfoContributorCondition)

   InfoContributorAutoConfiguration#javaInfoContributor:
      Did not match:
         - @ConditionalOnEnabledInfoContributor 
management.info.java.enabled is not true 
(OnEnabledInfoContributorCondition)

   InfoContributorAutoConfiguration#osInfoContributor:
      Did not match:
         - @ConditionalOnEnabledInfoContributor 
management.info.os.enabled is not true 
(OnEnabledInfoContributorCondition)

   InfoContributorAutoConfiguration#processInfoContributor:
      Did not match:
         - @ConditionalOnEnabledInfoContributor 
management.info.process.enabled is not true 
(OnEnabledInfoContributorCondition)

   InfoContributorAutoConfiguration#sslInfo:
      Did not match:
         - @ConditionalOnEnabledInfoContributor 
management.info.ssl.enabled is not true 
(OnEnabledInfoContributorCondition)
      Matched:
         - @ConditionalOnMissingBean (types: 
org.springframework.boot.info.SslInfo; SearchStrategy: all) did 
not find any beans (OnBeanCondition)

   InfoContributorAutoConfiguration#sslInfoContributor:
      Did not match:
         - @ConditionalOnEnabledInfoContributor 
management.info.ssl.enabled is not true 
(OnEnabledInfoContributorCondition)

   InfoEndpointAutoConfiguration:
      Did not match:
         - @ConditionalOnAvailableEndpoint not exposed 
(OnAvailableEndpointCondition)

   Jackson2HttpMessageConvertersConfiguration.MappingJackson2Htt
pMessageConverterConfiguration:
      Did not match:
         - AnyNestedCondition 0 matched 2 did not; 
NestedCondition on Jackson2HttpMessageConvertersConfiguration.Pr
eferJackson2OrJacksonUnavailableCondition.JacksonUnavailable 
@ConditionalOnMissingBean (types: org.springframework.boot.http.
converter.autoconfigure.JacksonHttpMessageConvertersConfiguratio
n$JacksonJsonHttpMessageConvertersCustomizer; SearchStrategy: 
all) found beans of type 'org.springframework.boot.http.converte
r.autoconfigure.JacksonHttpMessageConvertersConfiguration$Jackso
nJsonHttpMessageConvertersCustomizer' 
jacksonJsonHttpMessageConvertersCustomizer; NestedCondition on J
ackson2HttpMessageConvertersConfiguration.PreferJackson2OrJackso
nUnavailableCondition.Jackson2Preferred @ConditionalOnProperty 
(spring.http.converters.preferred-json-mapper=jackson2) did not 
find property 'spring.http.converters.preferred-json-mapper' (Ja
ckson2HttpMessageConvertersConfiguration.PreferJackson2OrJackson
UnavailableCondition)
      Matched:
         - @ConditionalOnClass found required class 
'com.fasterxml.jackson.databind.ObjectMapper' (OnClassCondition)

   Jackson2HttpMessageConvertersConfiguration.MappingJackson2Xml
HttpMessageConverterConfiguration:
      Did not match:
         - @ConditionalOnClass did not find required class 
'com.fasterxml.jackson.dataformat.xml.XmlMapper' 
(OnClassCondition)

   JacksonAutoConfiguration.CborConfiguration:
      Did not match:
         - @ConditionalOnClass did not find required class 
'tools.jackson.dataformat.cbor.CBORMapper' (OnClassCondition)

   JacksonAutoConfiguration.XmlConfiguration:
      Did not match:
         - @ConditionalOnClass did not find required class 
'tools.jackson.dataformat.xml.XmlMapper' (OnClassCondition)

   JacksonHttpMessageConvertersConfiguration.JacksonXmlHttpMessa
geConverterConfiguration:
      Did not match:
         - @ConditionalOnClass did not find required class 
'tools.jackson.dataformat.xml.XmlMapper' (OnClassCondition)

   JmxAutoConfiguration:
      Did not match:
         - @ConditionalOnBooleanProperty 
(spring.jmx.enabled=true) found different value in property 
'spring.jmx.enabled' (OnPropertyCondition)
      Matched:
         - @ConditionalOnClass found required class 
'org.springframework.jmx.export.MBeanExporter' 
(OnClassCondition)

   JmxEndpointAutoConfiguration:
      Did not match:
         - @ConditionalOnBooleanProperty 
(spring.jmx.enabled=true) found different value in property 
'spring.jmx.enabled' (OnPropertyCondition)

   JmxMetricsExportAutoConfiguration:
      Did not match:
         - @ConditionalOnClass did not find required class 
'io.micrometer.jmx.JmxMeterRegistry' (OnClassCondition)

   JndiDataSourceAutoConfiguration:
      Did not match:
         - @ConditionalOnProperty (spring.datasource.jndi-name) 
did not find property 'spring.datasource.jndi-name' 
(OnPropertyCondition)
      Matched:
         - @ConditionalOnClass found required classes 
'javax.sql.DataSource', 'org.springframework.jdbc.datasource.emb
edded.EmbeddedDatabaseType' (OnClassCondition)

   JndiJtaConfiguration:
      Did not match:
         - @ConditionalOnJndi JNDI environment is not available 
(OnJndiCondition)
      Matched:
         - @ConditionalOnClass found required class 
'org.springframework.transaction.jta.JtaTransactionManager' 
(OnClassCondition)

   JsonbHttpMessageConvertersConfiguration:
      Did not match:
         - @ConditionalOnClass did not find required class 
'jakarta.json.bind.Jsonb' (OnClassCondition)

   
JvmMetricsAutoConfiguration.VirtualThreadMetricsConfiguration:
      Did not match:
         - @ConditionalOnClass did not find required class 'io.m
icrometer.java21.instrument.binder.jdk.VirtualThreadMetrics' 
(OnClassCondition)

   KairosMetricsExportAutoConfiguration:
      Did not match:
         - @ConditionalOnClass did not find required class 
'io.micrometer.kairos.KairosMeterRegistry' (OnClassCondition)

   KotlinSerializationHttpMessageConvertersConfiguration:
      Did not match:
         - @ConditionalOnClass did not find required classes 
'kotlinx.serialization.Serializable', 
'kotlinx.serialization.json.Json' (OnClassCondition)

   Log4J2MetricsAutoConfiguration:
      Did not match:
         - @ConditionalOnClass did not find required class 
'org.apache.logging.log4j.core.LoggerContext' (OnClassCondition)

   LogFileWebEndpointAutoConfiguration:
      Did not match:
         - @ConditionalOnAvailableEndpoint not exposed 
(OnAvailableEndpointCondition)

   LoggersEndpointAutoConfiguration:
      Did not match:
         - @ConditionalOnAvailableEndpoint not exposed 
(OnAvailableEndpointCondition)

   ManagementContextAutoConfiguration.DifferentManagementContext
Configuration:
      Did not match:
         - Management Port actual port type (SAME) did not 
match required type (DIFFERENT) (OnManagementPortCondition)

   ManagementWebSecurityAutoConfiguration:
      Did not match:
         - AllNestedConditions 1 matched 1 did not; 
NestedCondition on DefaultWebSecurityCondition.Beans 
@ConditionalOnMissingBean (types: 
org.springframework.security.web.SecurityFilterChain; 
SearchStrategy: all) found beans of type 
'org.springframework.security.web.SecurityFilterChain' 
securityFilterChain; NestedCondition on 
DefaultWebSecurityCondition.Classes @ConditionalOnClass found 
required classes 
'org.springframework.security.web.SecurityFilterChain', 'org.spr
ingframework.security.config.annotation.web.builders.HttpSecurit
y' (DefaultWebSecurityCondition)
      Matched:
         - @ConditionalOnClass found required classes 
'org.springframework.security.web.util.matcher.RequestMatcher', 
'org.springframework.boot.actuate.autoconfigure.endpoint.web.Web
EndpointAutoConfiguration' (OnClassCondition)
         - found 'session' scope (OnWebApplicationCondition)

   MappingsEndpointAutoConfiguration:
      Did not match:
         - @ConditionalOnAvailableEndpoint not exposed 
(OnAvailableEndpointCondition)

   MessageSourceAutoConfiguration:
      Did not match:
         - ResourceBundle did not find bundle with basename 
messages 
(MessageSourceAutoConfiguration.ResourceBundleCondition)

   MetricsAspectsAutoConfiguration:
      Did not match:
         - @ConditionalOnBooleanProperty 
(management.observations.annotations.enabled=true) did not find 
property 'management.observations.annotations.enabled' 
(OnPropertyCondition)
      Matched:
         - @ConditionalOnClass found required classes 
'io.micrometer.core.instrument.MeterRegistry', 
'org.aspectj.weaver.Advice' (OnClassCondition)

   MetricsEndpointAutoConfiguration:
      Did not match:
         - @ConditionalOnAvailableEndpoint not exposed 
(OnAvailableEndpointCondition)
      Matched:
         - @ConditionalOnClass found required classes 'org.sprin
gframework.boot.actuate.autoconfigure.endpoint.condition.Conditi
onalOnAvailableEndpoint', 'io.micrometer.core.annotation.Timed' 
(OnClassCondition)

   NewRelicMetricsExportAutoConfiguration:
      Did not match:
         - @ConditionalOnClass did not find required class 
'io.micrometer.newrelic.NewRelicMeterRegistry' 
(OnClassCondition)

   NoOpMeterRegistryConfiguration:
      Did not match:
         - @ConditionalOnMissingBean (types: 
io.micrometer.core.instrument.MeterRegistry; SearchStrategy: 
all) found beans of type 
'io.micrometer.core.instrument.MeterRegistry' 
simpleMeterRegistry (OnBeanCondition)

   ObservationAutoConfiguration.ObservedAspectConfiguration:
      Did not match:
         - @ConditionalOnBooleanProperty 
(management.observations.annotations.enabled=true) did not find 
property 'management.observations.annotations.enabled' 
(OnPropertyCondition)
      Matched:
         - @ConditionalOnClass found required class 
'org.aspectj.weaver.Advice' (OnClassCondition)

   OtlpMetricsExportAutoConfiguration:
      Did not match:
         - @ConditionalOnClass did not find required class 
'io.micrometer.registry.otlp.OtlpMeterRegistry' 
(OnClassCondition)

   ProjectInfoAutoConfiguration#buildProperties:
      Did not match:
         - @ConditionalOnResource did not find resource '${sprin
g.info.build.location:classpath:META-INF/build-info.properties}'
 (OnResourceCondition)

   ProjectInfoAutoConfiguration#gitProperties:
      Did not match:
         - GitResource did not find git info at 
classpath:git.properties 
(ProjectInfoAutoConfiguration.GitResourceAvailableCondition)

   PrometheusMetricsExportAutoConfiguration:
      Did not match:
         - @ConditionalOnClass did not find required class 
'io.micrometer.prometheusmetrics.PrometheusMeterRegistry' 
(OnClassCondition)

   RSocketSecurityAutoConfiguration:
      Did not match:
         - @ConditionalOnClass did not find required class 'org.
springframework.boot.rsocket.server.RSocketServerCustomizer' 
(OnClassCondition)

   ReactiveManagementWebSecurityAutoConfiguration:
      Did not match:
         - @ConditionalOnWebApplication did not find reactive 
web application classes (OnWebApplicationCondition)

   ReactiveUserDetailsServiceAutoConfiguration:
      Did not match:
         - AnyNestedCondition 0 matched 2 did not; 
NestedCondition on ReactiveUserDetailsServiceAutoConfiguration.R
SocketEnabledOrReactiveWebApplication.ReactiveWebApplicationCond
ition did not find reactive web application classes; 
NestedCondition on ReactiveUserDetailsServiceAutoConfiguration.R
SocketEnabledOrReactiveWebApplication.RSocketSecurityEnabledCond
ition @ConditionalOnBean (types: org.springframework.messaging.r
socket.annotation.support.RSocketMessageHandler; 
SearchStrategy: all) did not find any beans of type org.springfr
amework.messaging.rsocket.annotation.support.RSocketMessageHandl
er (ReactiveUserDetailsServiceAutoConfiguration.RSocketEnabledOr
ReactiveWebApplication)
      Matched:
         - @ConditionalOnClass found required class 'org.springf
ramework.security.authentication.ReactiveAuthenticationManager' 
(OnClassCondition)
         - AnyNestedCondition 1 matched 2 did not; 
NestedCondition on MissingAlternativeUserDetailsManagerOrUserPro
pertiesConfigured.PasswordConfigured @ConditionalOnProperty 
(spring.security.user.password) did not find property 
'spring.security.user.password'; NestedCondition on MissingAlter
nativeUserDetailsManagerOrUserPropertiesConfigured.NameConfigure
d @ConditionalOnProperty (spring.security.user.name) did not 
find property 'spring.security.user.name'; NestedCondition on Mi
ssingAlternativeUserDetailsManagerOrUserPropertiesConfigured.Mis
singAlternative @ConditionalOnMissingClass did not find 
unwanted classes 'org.springframework.security.oauth2.client.reg
istration.ClientRegistrationRepository', 'org.springframework.se
curity.oauth2.server.resource.introspection.OpaqueTokenIntrospec
tor', 'org.springframework.security.saml2.provider.service.regis
tration.RelyingPartyRegistrationRepository' 
(MissingAlternativeUserDetailsManagerOrUserPropertiesConfigured)

   ReactiveWebSecurityAutoConfiguration:
      Did not match:
         - @ConditionalOnClass did not find required class 
'reactor.core.publisher.Flux' (OnClassCondition)

   SbomEndpointAutoConfiguration:
      Did not match:
         - @ConditionalOnAvailableEndpoint not exposed 
(OnAvailableEndpointCondition)

   ScheduledTasksEndpointAutoConfiguration:
      Did not match:
         - @ConditionalOnAvailableEndpoint not exposed 
(OnAvailableEndpointCondition)

   SecurityAutoConfiguration.SecurityDataConfiguration:
      Did not match:
         - @ConditionalOnClass did not find required class 'org.
springframework.security.data.repository.query.SecurityEvaluatio
nContextExtension' (OnClassCondition)

   SecurityRequestMatchersManagementContextConfiguration.JerseyR
equestMatcherConfiguration:
      Did not match:
         - @ConditionalOnClass did not find required class 
'org.glassfish.jersey.server.ResourceConfig' (OnClassCondition)

   ServletHttpExchangesAutoConfiguration:
      Did not match:
         - @ConditionalOnBean (types: org.springframework.boot.a
ctuate.web.exchanges.HttpExchangeRepository; SearchStrategy: 
all) did not find any beans of type org.springframework.boot.act
uate.web.exchanges.HttpExchangeRepository (OnBeanCondition)
      Matched:
         - found 'session' scope (OnWebApplicationCondition)
         - @ConditionalOnBooleanProperty 
(management.httpexchanges.recording.enabled=true) matched 
(OnPropertyCondition)

   ServletManagementContextAutoConfiguration.ApplicationContextF
ilterConfiguration:
      Did not match:
         - @ConditionalOnBooleanProperty 
(management.server.add-application-context-header=true) did not 
find property 
'management.server.add-application-context-header' 
(OnPropertyCondition)

   ServletMappingsAutoConfiguration:
      Did not match:
         - @ConditionalOnAvailableEndpoint not exposed 
(OnAvailableEndpointCondition)
      Matched:
         - @ConditionalOnClass found required classes 'org.sprin
gframework.boot.actuate.autoconfigure.endpoint.condition.Conditi
onalOnAvailableEndpoint', 'org.springframework.boot.actuate.web.
mappings.MappingsEndpoint' (OnClassCondition)
         - found 'session' scope (OnWebApplicationCondition)

   ServletWebSecurityAutoConfiguration.SecurityFilterChainConfig
uration:
      Did not match:
         - AllNestedConditions 1 matched 1 did not; 
NestedCondition on DefaultWebSecurityCondition.Beans 
@ConditionalOnMissingBean (types: 
org.springframework.security.web.SecurityFilterChain; 
SearchStrategy: all) found beans of type 
'org.springframework.security.web.SecurityFilterChain' 
securityFilterChain; NestedCondition on 
DefaultWebSecurityCondition.Classes @ConditionalOnClass found 
required classes 
'org.springframework.security.web.SecurityFilterChain', 'org.spr
ingframework.security.config.annotation.web.builders.HttpSecurit
y' (DefaultWebSecurityCondition)

   ServletWebServerConfiguration#forwardedHeaderFilter:
      Did not match:
         - @ConditionalOnProperty 
(server.forward-headers-strategy=framework) did not find 
property 'server.forward-headers-strategy' (OnPropertyCondition)

   ShutdownEndpointAutoConfiguration:
      Did not match:
         - @ConditionalOnAvailableEndpoint the configured 
access for endpoint 'shutdown' is NONE 
(OnAvailableEndpointCondition)

   SpringApplicationAdminJmxAutoConfiguration:
      Did not match:
         - @ConditionalOnBooleanProperty 
(spring.application.admin.enabled=true) did not find property 
'spring.application.admin.enabled' (OnPropertyCondition)

   StackdriverMetricsExportAutoConfiguration:
      Did not match:
         - @ConditionalOnClass did not find required class 
'io.micrometer.stackdriver.StackdriverMeterRegistry' 
(OnClassCondition)

   StartupEndpointAutoConfiguration:
      Did not match:
         - ApplicationStartup configured applicationStartup is 
of type class 
org.springframework.core.metrics.DefaultApplicationStartup, 
expected BufferingApplicationStartup. 
(StartupEndpointAutoConfiguration.ApplicationStartupCondition)

   StatsdMetricsExportAutoConfiguration:
      Did not match:
         - @ConditionalOnClass did not find required class 
'io.micrometer.statsd.StatsdMeterRegistry' (OnClassCondition)

   
TaskExecutorConfigurations.AsyncConfigurerWrapperConfiguration:
      Did not match:
         - @ConditionalOnBean (types: 
org.springframework.scheduling.annotation.AsyncConfigurer; 
SearchStrategy: all) did not find any beans of type 
org.springframework.scheduling.annotation.AsyncConfigurer 
(OnBeanCondition)

   TaskExecutorConfigurations.SimpleAsyncTaskExecutorBuilderConf
iguration#simpleAsyncTaskExecutorBuilderVirtualThreads:
      Did not match:
         - @ConditionalOnMissingBean (types: 
org.springframework.boot.task.SimpleAsyncTaskExecutorBuilder; 
SearchStrategy: all) found beans of type 
'org.springframework.boot.task.SimpleAsyncTaskExecutorBuilder' 
simpleAsyncTaskExecutorBuilder (OnBeanCondition)

   TaskExecutorConfigurations.TaskExecutorConfiguration#applicat
ionTaskExecutorVirtualThreads:
      Did not match:
         - @ConditionalOnThreading did not find VIRTUAL 
(OnThreadingCondition)

   TaskSchedulingConfigurations.SimpleAsyncTaskSchedulerBuilderC
onfiguration#simpleAsyncTaskSchedulerBuilderVirtualThreads:
      Did not match:
         - @ConditionalOnMissingBean (types: 
org.springframework.boot.task.SimpleAsyncTaskSchedulerBuilder; 
SearchStrategy: all) found beans of type 
'org.springframework.boot.task.SimpleAsyncTaskSchedulerBuilder' 
simpleAsyncTaskSchedulerBuilder (OnBeanCondition)

   TaskSchedulingConfigurations.TaskSchedulerConfiguration#taskS
chedulerVirtualThreads:
      Did not match:
         - @ConditionalOnThreading did not find VIRTUAL 
(OnThreadingCondition)

   ThreadDumpEndpointAutoConfiguration:
      Did not match:
         - @ConditionalOnAvailableEndpoint not exposed 
(OnAvailableEndpointCondition)

   TomcatReactiveManagementContextAutoConfiguration:
      Did not match:
2026-05-09 10:31:04 [] INFO  o.s.b.a.l.ConditionEvaluationReportLogger - 

Error starting ApplicationContext. To display the condition evaluation report re-run your application with 'debug' enabled.
2026-05-09 10:31:04 [] ERROR o.s.boot.SpringApplication - Application run failed
org.springframework.beans.factory.UnsatisfiedDependencyException: Error creating bean with name 'reportController' defined in file [C:\Users\omkar\OneDrive\Desktop\SnapFix\server\target\classes\com\snapfix\report\controller\ReportController.class]: Unsatisfied dependency expressed through constructor parameter 0: Error creating bean with name 'reportService' defined in file [C:\Users\omkar\OneDrive\Desktop\SnapFix\server\target\classes\com\snapfix\report\service\ReportService.class]: Unsatisfied dependency expressed through constructor parameter 1: Error creating bean with name 'cloudinaryStorageService' defined in file [C:\Users\omkar\OneDrive\Desktop\SnapFix\server\target\classes\com\snapfix\storage\service\CloudinaryStorageService.class]: Unsatisfied dependency expressed through constructor parameter 0: Error creating bean with name 'cloudinary' defined in class path resource [com/snapfix/config/CloudinaryConfig.class]: Failed to instantiate [com.cloudinary.Cloudinary]: Factory method 'cloudinary' threw exception with message: null
	at org.springframework.beans.factory.support.ConstructorResolver.createArgumentArray(ConstructorResolver.java:804)
	at org.springframework.beans.factory.support.ConstructorResolver.autowireConstructor(ConstructorResolver.java:240)
	at org.springframework.beans.factory.support.AbstractAutowireCapableBeanFactory.autowireConstructor(AbstractAutowireCapableBeanFactory.java:1382)
	at org.springframework.beans.factory.support.AbstractAutowireCapableBeanFactory.createBeanInstance(AbstractAutowireCapableBeanFactory.java:1221)
	at org.springframework.beans.factory.support.AbstractAutowireCapableBeanFactory.doCreateBean(AbstractAutowireCapableBeanFactory.java:565)
	at org.springframework.beans.factory.support.AbstractAutowireCapableBeanFactory.createBean(AbstractAutowireCapableBeanFactory.java:525)
	at org.springframework.beans.factory.support.AbstractBeanFactory.lambda$doGetBean$0(AbstractBeanFactory.java:333)
	at org.springframework.beans.factory.support.DefaultSingletonBeanRegistry.getSingleton(DefaultSingletonBeanRegistry.java:371)
	at org.springframework.beans.factory.support.AbstractBeanFactory.doGetBean(AbstractBeanFactory.java:331)
	at org.springframework.beans.factory.support.AbstractBeanFactory.getBean(AbstractBeanFactory.java:196)
	at org.springframework.beans.factory.support.DefaultListableBeanFactory.instantiateSingleton(DefaultListableBeanFactory.java:1218)
	at org.springframework.beans.factory.support.DefaultListableBeanFactory.preInstantiateSingleton(DefaultListableBeanFactory.java:1184)
	at org.springframework.beans.factory.support.DefaultListableBeanFactory.preInstantiateSingletons(DefaultListableBeanFactory.java:1121)
	at org.springframework.context.support.AbstractApplicationContext.finishBeanFactoryInitialization(AbstractApplicationContext.java:994)
	at org.springframework.context.support.AbstractApplicationContext.refresh(AbstractApplicationContext.java:621)
	at org.springframework.boot.SpringApplication.refresh(SpringApplication.java:756)
	at org.springframework.boot.SpringApplication.refreshContext(SpringApplication.java:445)
	at org.springframework.boot.SpringApplication.run(SpringApplication.java:321)
	at org.springframework.boot.test.context.SpringBootContextLoader.lambda$loadContext$2(SpringBootContextLoader.java:156)
	at org.springframework.util.function.ThrowingSupplier.get(ThrowingSupplier.java:58)
	at org.springframework.util.function.ThrowingSupplier.get(ThrowingSupplier.java:46)
	at org.springframework.boot.SpringApplication.withHook(SpringApplication.java:1465)
	at org.springframework.boot.test.context.SpringBootContextLoader$ContextLoaderHook.run(SpringBootContextLoader.java:605)
	at org.springframework.boot.test.context.SpringBootContextLoader.loadContext(SpringBootContextLoader.java:156)
	at org.springframework.boot.test.context.SpringBootContextLoader.loadContext(SpringBootContextLoader.java:115)
	at org.springframework.test.context.cache.DefaultCacheAwareContextLoaderDelegate.loadContextInternal(DefaultCacheAwareContextLoaderDelegate.java:247)
	at org.springframework.test.context.cache.DefaultCacheAwareContextLoaderDelegate.lambda$loadContext$0(DefaultCacheAwareContextLoaderDelegate.java:167)
	at org.springframework.test.context.cache.DefaultContextCache.put(DefaultContextCache.java:214)
	at org.springframework.test.context.cache.DefaultCacheAwareContextLoaderDelegate.loadContext(DefaultCacheAwareContextLoaderDelegate.java:160)
	at org.springframework.test.context.support.DefaultTestContext.getApplicationContext(DefaultTestContext.java:128)
	at org.springframework.test.context.web.ServletTestExecutionListener.setUpRequestContextIfNecessary(ServletTestExecutionListener.java:200)
	at org.springframework.test.context.web.ServletTestExecutionListener.prepareTestInstance(ServletTestExecutionListener.java:139)
	at org.springframework.test.context.TestContextManager.prepareTestInstance(TestContextManager.java:260)
	at org.springframework.test.context.junit.jupiter.SpringExtension.postProcessTestInstance(SpringExtension.java:210)
	at org.junit.jupiter.engine.descriptor.ClassBasedTestDescriptor.lambda$invokeTestInstancePostProcessors$1(ClassBasedTestDescriptor.java:423)
	at org.junit.jupiter.engine.descriptor.ClassBasedTestDescriptor.executeAndMaskThrowable(ClassBasedTestDescriptor.java:428)
	at org.junit.jupiter.engine.descriptor.ClassBasedTestDescriptor.lambda$invokeTestInstancePostProcessors$0(ClassBasedTestDescriptor.java:422)
	at java.base/java.util.stream.ForEachOps$ForEachOp$OfRef.accept(ForEachOps.java:184)
	at java.base/java.util.stream.ReferencePipeline$3$1.accept(ReferencePipeline.java:197)
	at java.base/java.util.stream.ReferencePipeline$2$1.accept(ReferencePipeline.java:179)
	at java.base/java.util.stream.ReferencePipeline$3$1.accept(ReferencePipeline.java:197)
	at java.base/java.util.ArrayList$ArrayListSpliterator.forEachRemaining(ArrayList.java:1708)
	at java.base/java.util.stream.AbstractPipeline.copyInto(AbstractPipeline.java:509)
	at java.base/java.util.stream.AbstractPipeline.wrapAndCopyInto(AbstractPipeline.java:499)
	at java.base/java.util.stream.ForEachOps$ForEachOp.evaluateSequential(ForEachOps.java:151)
	at java.base/java.util.stream.ForEachOps$ForEachOp$OfRef.evaluateSequential(ForEachOps.java:174)
	at java.base/java.util.stream.AbstractPipeline.evaluate(AbstractPipeline.java:234)
	at java.base/java.util.stream.ReferencePipeline.forEach(ReferencePipeline.java:596)
	at org.junit.jupiter.engine.descriptor.ClassBasedTestDescriptor.invokeTestInstancePostProcessors(ClassBasedTestDescriptor.java:422)
	at org.junit.jupiter.engine.descriptor.ClassBasedTestDescriptor.lambda$instantiateAndPostProcessTestInstance$0(ClassBasedTestDescriptor.java:334)
	at org.junit.platform.engine.support.hierarchical.ThrowableCollector.execute(ThrowableCollector.java:74)
	at org.junit.jupiter.engine.descriptor.ClassBasedTestDescriptor.instantiateAndPostProcessTestInstance(ClassBasedTestDescriptor.java:333)
	at org.junit.jupiter.engine.descriptor.ClassBasedTestDescriptor.lambda$testInstancesProvider$1(ClassBasedTestDescriptor.java:322)
	at java.base/java.util.Optional.orElseGet(Optional.java:364)
	at org.junit.jupiter.engine.descriptor.ClassBasedTestDescriptor.lambda$testInstancesProvider$0(ClassBasedTestDescriptor.java:321)
	at org.junit.jupiter.engine.execution.TestInstancesProvider.getTestInstances(TestInstancesProvider.java:27)
	at org.junit.jupiter.engine.descriptor.TestMethodTestDescriptor.lambda$prepare$0(TestMethodTestDescriptor.java:127)
	at org.junit.platform.engine.support.hierarchical.ThrowableCollector.execute(ThrowableCollector.java:74)
	at org.junit.jupiter.engine.descriptor.TestMethodTestDescriptor.prepare(TestMethodTestDescriptor.java:126)
	at org.junit.jupiter.engine.descriptor.TestMethodTestDescriptor.prepare(TestMethodTestDescriptor.java:70)
	at org.junit.platform.engine.support.hierarchical.NodeTestTask.lambda$prepare$0(NodeTestTask.java:144)
	at org.junit.platform.engine.support.hierarchical.ThrowableCollector.execute(ThrowableCollector.java:74)
	at org.junit.platform.engine.support.hierarchical.NodeTestTask.prepare(NodeTestTask.java:144)
	at org.junit.platform.engine.support.hierarchical.NodeTestTask.execute(NodeTestTask.java:110)
	at java.base/java.util.ArrayList.forEach(ArrayList.java:1596)
	at org.junit.platform.engine.support.hierarchical.SameThreadHierarchicalTestExecutorService.invokeAll(SameThreadHierarchicalTestExecutorService.java:42)
	at org.junit.platform.engine.support.hierarchical.NodeTestTask.lambda$executeRecursively$2(NodeTestTask.java:180)
	at org.junit.platform.engine.support.hierarchical.ThrowableCollector.execute(ThrowableCollector.java:74)
	at org.junit.platform.engine.support.hierarchical.NodeTestTask.lambda$executeRecursively$1(NodeTestTask.java:166)
	at org.junit.platform.engine.support.hierarchical.Node.around(Node.java:138)
	at org.junit.platform.engine.support.hierarchical.NodeTestTask.lambda$executeRecursively$0(NodeTestTask.java:164)
	at org.junit.platform.engine.support.hierarchical.ThrowableCollector.execute(ThrowableCollector.java:74)
	at org.junit.platform.engine.support.hierarchical.NodeTestTask.executeRecursively(NodeTestTask.java:163)
	at org.junit.platform.engine.support.hierarchical.NodeTestTask.execute(NodeTestTask.java:116)
	at java.base/java.util.ArrayList.forEach(ArrayList.java:1596)
	at org.junit.platform.engine.support.hierarchical.SameThreadHierarchicalTestExecutorService.invokeAll(SameThreadHierarchicalTestExecutorService.java:42)
	at org.junit.platform.engine.support.hierarchical.NodeTestTask.lambda$executeRecursively$2(NodeTestTask.java:180)
	at org.junit.platform.engine.support.hierarchical.ThrowableCollector.execute(ThrowableCollector.java:74)
	at org.junit.platform.engine.support.hierarchical.NodeTestTask.lambda$executeRecursively$1(NodeTestTask.java:166)
	at org.junit.platform.engine.support.hierarchical.Node.around(Node.java:138)
	at org.junit.platform.engine.support.hierarchical.NodeTestTask.lambda$executeRecursively$0(NodeTestTask.java:164)
	at org.junit.platform.engine.support.hierarchical.ThrowableCollector.execute(ThrowableCollector.java:74)
	at org.junit.platform.engine.support.hierarchical.NodeTestTask.executeRecursively(NodeTestTask.java:163)
	at org.junit.platform.engine.support.hierarchical.NodeTestTask.execute(NodeTestTask.java:116)
	at org.junit.platform.engine.support.hierarchical.SameThreadHierarchicalTestExecutorService.submit(SameThreadHierarchicalTestExecutorService.java:36)
	at org.junit.platform.engine.support.hierarchical.HierarchicalTestExecutor.execute(HierarchicalTestExecutor.java:52)
	at org.junit.platform.engine.support.hierarchical.HierarchicalTestEngine.execute(HierarchicalTestEngine.java:58)
	at org.junit.platform.launcher.core.EngineExecutionOrchestrator.executeEngine(EngineExecutionOrchestrator.java:246)
	at org.junit.platform.launcher.core.EngineExecutionOrchestrator.failOrExecuteEngine(EngineExecutionOrchestrator.java:218)
	at org.junit.platform.launcher.core.EngineExecutionOrchestrator.execute(EngineExecutionOrchestrator.java:179)
	at org.junit.platform.launcher.core.EngineExecutionOrchestrator.execute(EngineExecutionOrchestrator.java:108)
	at org.junit.platform.launcher.core.EngineExecutionOrchestrator.lambda$execute$0(EngineExecutionOrchestrator.java:66)
	at org.junit.platform.launcher.core.EngineExecutionOrchestrator.withInterceptedStreams(EngineExecutionOrchestrator.java:157)
	at org.junit.platform.launcher.core.EngineExecutionOrchestrator.execute(EngineExecutionOrchestrator.java:65)
	at org.junit.platform.launcher.core.DefaultLauncher.execute(DefaultLauncher.java:125)
	at org.junit.platform.launcher.core.DefaultLauncher.execute(DefaultLauncher.java:114)
	at org.junit.platform.launcher.core.DelegatingLauncher.execute(DelegatingLauncher.java:58)
	at org.junit.platform.launcher.core.InterceptingLauncher.lambda$execute$2(InterceptingLauncher.java:57)
	at org.junit.platform.launcher.core.ClasspathAlignmentCheckingLauncherInterceptor.intercept(ClasspathAlignmentCheckingLauncherInterceptor.java:25)
	at org.junit.platform.launcher.core.InterceptingLauncher.execute(InterceptingLauncher.java:56)
	at org.junit.platform.launcher.core.DelegatingLauncher.execute(DelegatingLauncher.java:58)
	at java.base/jdk.internal.reflect.DirectMethodHandleAccessor.invoke(DirectMethodHandleAccessor.java:103)
	at java.base/java.lang.reflect.Method.invoke(Method.java:580)
	at org.apache.maven.surefire.api.util.ReflectionUtils.invokeMethodWithArray(ReflectionUtils.java:125)
	at org.apache.maven.surefire.junitplatform.LauncherAdapter.executeWithCancellationToken(LauncherAdapter.java:68)
	at org.apache.maven.surefire.junitplatform.LauncherAdapter.execute(LauncherAdapter.java:54)
	at org.apache.maven.surefire.junitplatform.JUnitPlatformProvider.execute(JUnitPlatformProvider.java:203)
	at org.apache.maven.surefire.junitplatform.JUnitPlatformProvider.invokeAllTests(JUnitPlatformProvider.java:168)
	at org.apache.maven.surefire.junitplatform.JUnitPlatformProvider.invoke(JUnitPlatformProvider.java:136)
	at org.apache.maven.surefire.booter.ForkedBooter.runSuitesInProcess(ForkedBooter.java:385)
	at org.apache.maven.surefire.booter.ForkedBooter.execute(ForkedBooter.java:162)
	at org.apache.maven.surefire.booter.ForkedBooter.run(ForkedBooter.java:507)
	at org.apache.maven.surefire.booter.ForkedBooter.main(ForkedBooter.java:495)
         - @ConditionalOnWebApplication did not find reactive 
web application classes (OnWebApplicationCondition)

   TomcatReactiveWebServerAutoConfiguration:
      Did not match:
         - @ConditionalOnWebApplication did not find reactive 
web application classes (OnWebApplicationCondition)

   TomcatServletManagementContextAutoConfiguration:
      Did not match:
         - Management Port actual port type (SAME) did not 
match required type (DIFFERENT) (OnManagementPortCondition)
      Matched:
         - @ConditionalOnClass found required class 'org.springf
ramework.boot.actuate.autoconfigure.web.server.ManagementContext
Factory' (OnClassCondition)
         - found 'session' scope (OnWebApplicationCondition)

   TomcatServletWebServerAutoConfiguration#tomcatForwardedHeader
FilterCustomizer:
      Did not match:
         - @ConditionalOnProperty 
(server.forward-headers-strategy=framework) did not find 
property 'server.forward-headers-strategy' (OnPropertyCondition)

   TomcatWebServerConfiguration:
      Did not match:
         - Application is deployed as a WAR file. 
(OnWarDeploymentCondition)

   TransactionAutoConfiguration#transactionalOperator:
      Did not match:
         - @ConditionalOnSingleCandidate (types: 
org.springframework.transaction.ReactiveTransactionManager; 
SearchStrategy: all) did not find any beans (OnBeanCondition)

   TransactionAutoConfiguration.AspectJTransactionManagementConf
iguration:
      Did not match:
         - @ConditionalOnBean (types: org.springframework.transa
ction.aspectj.AbstractTransactionAspect; SearchStrategy: all) 
did not find any beans of type org.springframework.transaction.a
spectj.AbstractTransactionAspect (OnBeanCondition)

   TransactionAutoConfiguration.EnableTransactionManagementConfi
guration.JdkDynamicAutoProxyConfiguration:
      Did not match:
         - @ConditionalOnBooleanProperty 
(spring.aop.proxy-target-class=false) did not find property 
'spring.aop.proxy-target-class' (OnPropertyCondition)

   UserDetailsServiceAutoConfiguration:
      Did not match:
         - @ConditionalOnMissingBean (types: org.springframework
.security.authentication.AuthenticationManager,org.springframewo
rk.security.authentication.AuthenticationProvider,org.springfram
ework.security.core.userdetails.UserDetailsService,org.springfra
mework.security.authentication.AuthenticationManagerResolver,org
.springframework.security.oauth2.jwt.JwtDecoder; 
SearchStrategy: all) found beans of type 'org.springframework.se
curity.core.userdetails.UserDetailsService' 
customUserDetailsService (OnBeanCondition)
      Matched:
         - @ConditionalOnClass found required class 'org.springf
ramework.security.authentication.AuthenticationManager' 
(OnClassCondition)
         - found 'session' scope (OnWebApplicationCondition)
Caused by: org.springframework.beans.factory.UnsatisfiedDependencyException: Error creating bean with name 'reportService' defined in file [C:\Users\omkar\OneDrive\Desktop\SnapFix\server\target\classes\com\snapfix\report\service\ReportService.class]: Unsatisfied dependency expressed through constructor parameter 1: Error creating bean with name 'cloudinaryStorageService' defined in file [C:\Users\omkar\OneDrive\Desktop\SnapFix\server\target\classes\com\snapfix\storage\service\CloudinaryStorageService.class]: Unsatisfied dependency expressed through constructor parameter 0: Error creating bean with name 'cloudinary' defined in class path resource [com/snapfix/config/CloudinaryConfig.class]: Failed to instantiate [com.cloudinary.Cloudinary]: Factory method 'cloudinary' threw exception with message: null
	at org.springframework.beans.factory.support.ConstructorResolver.createArgumentArray(ConstructorResolver.java:804)
	at org.springframework.beans.factory.support.ConstructorResolver.autowireConstructor(ConstructorResolver.java:240)
	at org.springframework.beans.factory.support.AbstractAutowireCapableBeanFactory.autowireConstructor(AbstractAutowireCapableBeanFactory.java:1382)
	at org.springframework.beans.factory.support.AbstractAutowireCapableBeanFactory.createBeanInstance(AbstractAutowireCapableBeanFactory.java:1221)
	at org.springframework.beans.factory.support.AbstractAutowireCapableBeanFactory.doCreateBean(AbstractAutowireCapableBeanFactory.java:565)
	at org.springframework.beans.factory.support.AbstractAutowireCapableBeanFactory.createBean(AbstractAutowireCapableBeanFactory.java:525)
	at org.springframework.beans.factory.support.AbstractBeanFactory.lambda$doGetBean$0(AbstractBeanFactory.java:333)
	at org.springframework.beans.factory.support.DefaultSingletonBeanRegistry.getSingleton(DefaultSingletonBeanRegistry.java:371)
	at org.springframework.beans.factory.support.AbstractBeanFactory.doGetBean(AbstractBeanFactory.java:331)
	at org.springframework.beans.factory.support.AbstractBeanFactory.getBean(AbstractBeanFactory.java:201)
	at org.springframework.beans.factory.support.DefaultListableBeanFactory.resolveBean(DefaultListableBeanFactory.java:1225)
	at org.springframework.beans.factory.support.DefaultListableBeanFactory.doResolveDependency(DefaultListableBeanFactory.java:1704)
	at org.springframework.beans.factory.support.DefaultListableBeanFactory.resolveDependency(DefaultListableBeanFactory.java:1651)
	at org.springframework.beans.factory.support.ConstructorResolver.resolveAutowiredArgument(ConstructorResolver.java:912)
	at org.springframework.beans.factory.support.ConstructorResolver.createArgumentArray(ConstructorResolver.java:791)
	... 112 common frames omitted
Caused by: org.springframework.beans.factory.UnsatisfiedDependencyException: Error creating bean with name 'cloudinaryStorageService' defined in file [C:\Users\omkar\OneDrive\Desktop\SnapFix\server\target\classes\com\snapfix\storage\service\CloudinaryStorageService.class]: Unsatisfied dependency expressed through constructor parameter 0: Error creating bean with name 'cloudinary' defined in class path resource [com/snapfix/config/CloudinaryConfig.class]: Failed to instantiate [com.cloudinary.Cloudinary]: Factory method 'cloudinary' threw exception with message: null
	at org.springframework.beans.factory.support.ConstructorResolver.createArgumentArray(ConstructorResolver.java:804)
	at org.springframework.beans.factory.support.ConstructorResolver.autowireConstructor(ConstructorResolver.java:240)
	at org.springframework.beans.factory.support.AbstractAutowireCapableBeanFactory.autowireConstructor(AbstractAutowireCapableBeanFactory.java:1382)
	at org.springframework.beans.factory.support.AbstractAutowireCapableBeanFactory.createBeanInstance(AbstractAutowireCapableBeanFactory.java:1221)
	at org.springframework.beans.factory.support.AbstractAutowireCapableBeanFactory.doCreateBean(AbstractAutowireCapableBeanFactory.java:565)
	at org.springframework.beans.factory.support.AbstractAutowireCapableBeanFactory.createBean(AbstractAutowireCapableBeanFactory.java:525)
	at org.springframework.beans.factory.support.AbstractBeanFactory.lambda$doGetBean$0(AbstractBeanFactory.java:333)
	at org.springframework.beans.factory.support.DefaultSingletonBeanRegistry.getSingleton(DefaultSingletonBeanRegistry.java:371)
	at org.springframework.beans.factory.support.AbstractBeanFactory.doGetBean(AbstractBeanFactory.java:331)
	at org.springframework.beans.factory.support.AbstractBeanFactory.getBean(AbstractBeanFactory.java:201)
	at org.springframework.beans.factory.config.DependencyDescriptor.resolveCandidate(DependencyDescriptor.java:229)
	at org.springframework.beans.factory.support.DefaultListableBeanFactory.doResolveDependency(DefaultListableBeanFactory.java:1762)
	at org.springframework.beans.factory.support.DefaultListableBeanFactory.resolveDependency(DefaultListableBeanFactory.java:1651)
	at org.springframework.beans.factory.support.ConstructorResolver.resolveAutowiredArgument(ConstructorResolver.java:912)
	at org.springframework.beans.factory.support.ConstructorResolver.createArgumentArray(ConstructorResolver.java:791)
	... 126 common frames omitted
Caused by: org.springframework.beans.factory.BeanCreationException: Error creating bean with name 'cloudinary' defined in class path resource [com/snapfix/config/CloudinaryConfig.class]: Failed to instantiate [com.cloudinary.Cloudinary]: Factory method 'cloudinary' threw exception with message: null
	at org.springframework.beans.factory.support.ConstructorResolver.instantiate(ConstructorResolver.java:657)
	at org.springframework.beans.factory.support.ConstructorResolver.instantiateUsingFactoryMethod(ConstructorResolver.java:489)
	at org.springframework.beans.factory.support.AbstractAutowireCapableBeanFactory.instantiateUsingFactoryMethod(AbstractAutowireCapableBeanFactory.java:1362)
	at org.springframework.beans.factory.support.AbstractAutowireCapableBeanFactory.createBeanInstance(AbstractAutowireCapableBeanFactory.java:1194)
	at org.springframework.beans.factory.support.AbstractAutowireCapableBeanFactory.doCreateBean(AbstractAutowireCapableBeanFactory.java:565)
	at org.springframework.beans.factory.support.AbstractAutowireCapableBeanFactory.createBean(AbstractAutowireCapableBeanFactory.java:525)
	at org.springframework.beans.factory.support.AbstractBeanFactory.lambda$doGetBean$0(AbstractBeanFactory.java:333)
	at org.springframework.beans.factory.support.DefaultSingletonBeanRegistry.getSingleton(DefaultSingletonBeanRegistry.java:371)
	at org.springframework.beans.factory.support.AbstractBeanFactory.doGetBean(AbstractBeanFactory.java:331)
	at org.springframework.beans.factory.support.AbstractBeanFactory.getBean(AbstractBeanFactory.java:201)
	at org.springframework.beans.factory.support.DefaultListableBeanFactory.resolveBean(DefaultListableBeanFactory.java:1225)
	at org.springframework.beans.factory.support.DefaultListableBeanFactory.doResolveDependency(DefaultListableBeanFactory.java:1704)
	at org.springframework.beans.factory.support.DefaultListableBeanFactory.resolveDependency(DefaultListableBeanFactory.java:1651)
	at org.springframework.beans.factory.support.ConstructorResolver.resolveAutowiredArgument(ConstructorResolver.java:912)
	at org.springframework.beans.factory.support.ConstructorResolver.createArgumentArray(ConstructorResolver.java:791)
	... 140 common frames omitted
Caused by: org.springframework.beans.BeanInstantiationException: Failed to instantiate [com.cloudinary.Cloudinary]: Factory method 'cloudinary' threw exception with message: null
	at org.springframework.beans.factory.support.SimpleInstantiationStrategy.lambda$instantiate$0(SimpleInstantiationStrategy.java:183)
	at org.springframework.beans.factory.support.SimpleInstantiationStrategy.instantiateWithFactoryMethod(SimpleInstantiationStrategy.java:72)
	at org.springframework.beans.factory.support.SimpleInstantiationStrategy.instantiate(SimpleInstantiationStrategy.java:152)
	at org.springframework.beans.factory.support.ConstructorResolver.instantiate(ConstructorResolver.java:653)
	... 154 common frames omitted
Caused by: java.lang.NullPointerException
	at java.base/java.util.Objects.requireNonNull(Objects.java:233)
	at java.base/java.util.ImmutableCollections$MapN.<init>(ImmutableCollections.java:1193)
	at java.base/java.util.Map.of(Map.java:1407)
	at com.snapfix.config.CloudinaryConfig.cloudinary(CloudinaryConfig.java:14)
	at com.snapfix.config.CloudinaryConfig$$SpringCGLIB$$0.CGLIB$cloudinary$0(<generated>)
	at com.snapfix.config.CloudinaryConfig$$SpringCGLIB$$FastClass$$1.invoke(<generated>)
	at org.springframework.cglib.proxy.MethodProxy.invokeSuper(MethodProxy.java:258)
	at org.springframework.context.annotation.ConfigurationClassEnhancer$BeanMethodInterceptor.intercept(ConfigurationClassEnhancer.java:398)
	at com.snapfix.config.CloudinaryConfig$$SpringCGLIB$$0.cloudinary(<generated>)
	at java.base/jdk.internal.reflect.DirectMethodHandleAccessor.invoke(DirectMethodHandleAccessor.java:103)
	at java.base/java.lang.reflect.Method.invoke(Method.java:580)
	at org.springframework.beans.factory.support.SimpleInstantiationStrategy.lambda$instantiate$0(SimpleInstantiationStrategy.java:155)
	... 157 common frames omitted
2026-05-09 10:31:04 [] WARN  o.s.test.context.TestContextManager - Caught exception while allowing TestExecutionListener [org.springframework.test.context.web.ServletTestExecutionListener] to prepare test instance [com.snapfix.server.ServerApplicationTests@102bce96]
java.lang.IllegalStateException: Failed to load ApplicationContext for [WebMergedContextConfiguration@32107bba testClass = com.snapfix.server.ServerApplicationTests, locations = [], classes = [com.snapfix.SnapfixApplication], contextInitializerClasses = [], activeProfiles = [], propertySourceDescriptors = [], propertySourceProperties = ["org.springframework.boot.test.context.SpringBootTestContextBootstrapper=true"], contextCustomizers = [org.springframework.boot.web.server.context.SpringBootTestRandomPortContextCustomizer@7813cb11, org.springframework.boot.test.context.PropertyMappingContextCustomizer@0, org.springframework.boot.test.context.filter.ExcludeFilterContextCustomizer@52b56a3e, org.springframework.boot.test.json.DuplicateJsonObjectContextCustomizerFactory$DuplicateJsonObjectContextCustomizer@1a1da881, org.springframework.boot.test.autoconfigure.OnFailureConditionReportContextCustomizerFactory$OnFailureConditionReportContextCustomizer@165b8a71, org.springframework.test.context.support.DynamicPropertiesContextCustomizer@0, org.springframework.boot.test.context.SpringBootTestAnnotation@6b0633ee], resourceBasePath = "src/main/webapp", contextLoader = org.springframework.boot.test.context.SpringBootContextLoader, parent = null]
	at org.springframework.test.context.cache.DefaultCacheAwareContextLoaderDelegate.lambda$loadContext$0(DefaultCacheAwareContextLoaderDelegate.java:195)
	at org.springframework.test.context.cache.DefaultContextCache.put(DefaultContextCache.java:214)
	at org.springframework.test.context.cache.DefaultCacheAwareContextLoaderDelegate.loadContext(DefaultCacheAwareContextLoaderDelegate.java:160)
	at org.springframework.test.context.support.DefaultTestContext.getApplicationContext(DefaultTestContext.java:128)
	at org.springframework.test.context.web.ServletTestExecutionListener.setUpRequestContextIfNecessary(ServletTestExecutionListener.java:200)
	at org.springframework.test.context.web.ServletTestExecutionListener.prepareTestInstance(ServletTestExecutionListener.java:139)
	at org.springframework.test.context.TestContextManager.prepareTestInstance(TestContextManager.java:260)
	at org.springframework.test.context.junit.jupiter.SpringExtension.postProcessTestInstance(SpringExtension.java:210)
	at org.junit.jupiter.engine.descriptor.ClassBasedTestDescriptor.lambda$invokeTestInstancePostProcessors$1(ClassBasedTestDescriptor.java:423)
	at org.junit.jupiter.engine.descriptor.ClassBasedTestDescriptor.executeAndMaskThrowable(ClassBasedTestDescriptor.java:428)
	at org.junit.jupiter.engine.descriptor.ClassBasedTestDescriptor.lambda$invokeTestInstancePostProcessors$0(ClassBasedTestDescriptor.java:422)
	at java.base/java.util.stream.ForEachOps$ForEachOp$OfRef.accept(ForEachOps.java:184)
         - AnyNestedCondition 1 matched 2 did not; 
NestedCondition on MissingAlternativeUserDetailsManagerOrUserPro
pertiesConfigured.PasswordConfigured @ConditionalOnProperty 
(spring.security.user.password) did not find property 
'spring.security.user.password'; NestedCondition on MissingAlter
nativeUserDetailsManagerOrUserPropertiesConfigured.NameConfigure
d @ConditionalOnProperty (spring.security.user.name) did not 
find property 'spring.security.user.name'; NestedCondition on Mi
ssingAlternativeUserDetailsManagerOrUserPropertiesConfigured.Mis
singAlternative @ConditionalOnMissingClass did not find 
unwanted classes 'org.springframework.security.oauth2.client.reg
istration.ClientRegistrationRepository', 'org.springframework.se
curity.oauth2.server.resource.introspection.OpaqueTokenIntrospec
tor', 'org.springframework.security.saml2.provider.service.regis
tration.RelyingPartyRegistrationRepository' 
(MissingAlternativeUserDetailsManagerOrUserPropertiesConfigured)

   WebMvcAutoConfiguration#hiddenHttpMethodFilter:
      Did not match:
         - @ConditionalOnBooleanProperty 
(spring.mvc.hiddenmethod.filter.enabled=true) did not find 
property 'spring.mvc.hiddenmethod.filter.enabled' 
(OnPropertyCondition)

   WebMvcAutoConfiguration.ProblemDetailsErrorHandlingConfigurat
ion:
      Did not match:
         - @ConditionalOnBooleanProperty 
(spring.mvc.problemdetails.enabled=true) did not find property 
'spring.mvc.problemdetails.enabled' (OnPropertyCondition)

   WebMvcAutoConfiguration.ResourceChainCustomizerConfiguration:
      Did not match:
         - @ConditionalOnEnabledResourceChain did not find 
class org.webjars.WebJarVersionLocator 
(OnEnabledResourceChainCondition)

   WebMvcAutoConfiguration.WebMvcAutoConfigurationAdapter#beanNa
meViewResolver:
      Did not match:
         - @ConditionalOnMissingBean (types: 
org.springframework.web.servlet.view.BeanNameViewResolver; 
SearchStrategy: all) found beans of type 
'org.springframework.web.servlet.view.BeanNameViewResolver' 
beanNameViewResolver (OnBeanCondition)

   WebMvcEndpointManagementContextConfiguration.HealthConfigurat
ion#managementHealthEndpointWebMvcHandlerMapping:
      Did not match:
         - Management Port actual port type (SAME) did not 
match required type (DIFFERENT) (OnManagementPortCondition)

   WebMvcMappingsAutoConfiguration:
	at java.base/java.util.stream.ReferencePipeline$3$1.accept(ReferencePipeline.java:197)
	at java.base/java.util.stream.ReferencePipeline$2$1.accept(ReferencePipeline.java:179)
	at java.base/java.util.stream.ReferencePipeline$3$1.accept(ReferencePipeline.java:197)
	at java.base/java.util.ArrayList$ArrayListSpliterator.forEachRemaining(ArrayList.java:1708)
	at java.base/java.util.stream.AbstractPipeline.copyInto(AbstractPipeline.java:509)
	at java.base/java.util.stream.AbstractPipeline.wrapAndCopyInto(AbstractPipeline.java:499)
	at java.base/java.util.stream.ForEachOps$ForEachOp.evaluateSequential(ForEachOps.java:151)
	at java.base/java.util.stream.ForEachOps$ForEachOp$OfRef.evaluateSequential(ForEachOps.java:174)
	at java.base/java.util.stream.AbstractPipeline.evaluate(AbstractPipeline.java:234)
	at java.base/java.util.stream.ReferencePipeline.forEach(ReferencePipeline.java:596)
	at org.junit.jupiter.engine.descriptor.ClassBasedTestDescriptor.invokeTestInstancePostProcessors(ClassBasedTestDescriptor.java:422)
	at org.junit.jupiter.engine.descriptor.ClassBasedTestDescriptor.lambda$instantiateAndPostProcessTestInstance$0(ClassBasedTestDescriptor.java:334)
	at org.junit.platform.engine.support.hierarchical.ThrowableCollector.execute(ThrowableCollector.java:74)
	at org.junit.jupiter.engine.descriptor.ClassBasedTestDescriptor.instantiateAndPostProcessTestInstance(ClassBasedTestDescriptor.java:333)
	at org.junit.jupiter.engine.descriptor.ClassBasedTestDescriptor.lambda$testInstancesProvider$1(ClassBasedTestDescriptor.java:322)
	at java.base/java.util.Optional.orElseGet(Optional.java:364)
	at org.junit.jupiter.engine.descriptor.ClassBasedTestDescriptor.lambda$testInstancesProvider$0(ClassBasedTestDescriptor.java:321)
	at org.junit.jupiter.engine.execution.TestInstancesProvider.getTestInstances(TestInstancesProvider.java:27)
	at org.junit.jupiter.engine.descriptor.TestMethodTestDescriptor.lambda$prepare$0(TestMethodTestDescriptor.java:127)
	at org.junit.platform.engine.support.hierarchical.ThrowableCollector.execute(ThrowableCollector.java:74)
	at org.junit.jupiter.engine.descriptor.TestMethodTestDescriptor.prepare(TestMethodTestDescriptor.java:126)
	at org.junit.jupiter.engine.descriptor.TestMethodTestDescriptor.prepare(TestMethodTestDescriptor.java:70)
	at org.junit.platform.engine.support.hierarchical.NodeTestTask.lambda$prepare$0(NodeTestTask.java:144)
	at org.junit.platform.engine.support.hierarchical.ThrowableCollector.execute(ThrowableCollector.java:74)
	at org.junit.platform.engine.support.hierarchical.NodeTestTask.prepare(NodeTestTask.java:144)
	at org.junit.platform.engine.support.hierarchical.NodeTestTask.execute(NodeTestTask.java:110)
	at java.base/java.util.ArrayList.forEach(ArrayList.java:1596)
	at org.junit.platform.engine.support.hierarchical.SameThreadHierarchicalTestExecutorService.invokeAll(SameThreadHierarchicalTestExecutorService.java:42)
	at org.junit.platform.engine.support.hierarchical.NodeTestTask.lambda$executeRecursively$2(NodeTestTask.java:180)
	at org.junit.platform.engine.support.hierarchical.ThrowableCollector.execute(ThrowableCollector.java:74)
	at org.junit.platform.engine.support.hierarchical.NodeTestTask.lambda$executeRecursively$1(NodeTestTask.java:166)
	at org.junit.platform.engine.support.hierarchical.Node.around(Node.java:138)
	at org.junit.platform.engine.support.hierarchical.NodeTestTask.lambda$executeRecursively$0(NodeTestTask.java:164)
	at org.junit.platform.engine.support.hierarchical.ThrowableCollector.execute(ThrowableCollector.java:74)
	at org.junit.platform.engine.support.hierarchical.NodeTestTask.executeRecursively(NodeTestTask.java:163)
	at org.junit.platform.engine.support.hierarchical.NodeTestTask.execute(NodeTestTask.java:116)
	at java.base/java.util.ArrayList.forEach(ArrayList.java:1596)
	at org.junit.platform.engine.support.hierarchical.SameThreadHierarchicalTestExecutorService.invokeAll(SameThreadHierarchicalTestExecutorService.java:42)
	at org.junit.platform.engine.support.hierarchical.NodeTestTask.lambda$executeRecursively$2(NodeTestTask.java:180)
	at org.junit.platform.engine.support.hierarchical.ThrowableCollector.execute(ThrowableCollector.java:74)
	at org.junit.platform.engine.support.hierarchical.NodeTestTask.lambda$executeRecursively$1(NodeTestTask.java:166)
	at org.junit.platform.engine.support.hierarchical.Node.around(Node.java:138)
	at org.junit.platform.engine.support.hierarchical.NodeTestTask.lambda$executeRecursively$0(NodeTestTask.java:164)
	at org.junit.platform.engine.support.hierarchical.ThrowableCollector.execute(ThrowableCollector.java:74)
	at org.junit.platform.engine.support.hierarchical.NodeTestTask.executeRecursively(NodeTestTask.java:163)
	at org.junit.platform.engine.support.hierarchical.NodeTestTask.execute(NodeTestTask.java:116)
	at org.junit.platform.engine.support.hierarchical.SameThreadHierarchicalTestExecutorService.submit(SameThreadHierarchicalTestExecutorService.java:36)
	at org.junit.platform.engine.support.hierarchical.HierarchicalTestExecutor.execute(HierarchicalTestExecutor.java:52)
	at org.junit.platform.engine.support.hierarchical.HierarchicalTestEngine.execute(HierarchicalTestEngine.java:58)
	at org.junit.platform.launcher.core.EngineExecutionOrchestrator.executeEngine(EngineExecutionOrchestrator.java:246)
	at org.junit.platform.launcher.core.EngineExecutionOrchestrator.failOrExecuteEngine(EngineExecutionOrchestrator.java:218)
      Did not match:
         - @ConditionalOnAvailableEndpoint not exposed 
(OnAvailableEndpointCondition)
      Matched:
         - @ConditionalOnClass found required classes 'org.sprin
gframework.boot.actuate.autoconfigure.endpoint.condition.Conditi
onalOnAvailableEndpoint', 
'org.springframework.web.servlet.DispatcherServlet', 'org.spring
framework.boot.actuate.web.mappings.MappingsEndpoint' 
(OnClassCondition)
         - found 'session' scope (OnWebApplicationCondition)

   XADataSourceAutoConfiguration:
      Did not match:
         - @ConditionalOnBean (types: 
org.springframework.boot.jdbc.XADataSourceWrapper; 
SearchStrategy: all) did not find any beans of type 
org.springframework.boot.jdbc.XADataSourceWrapper 
(OnBeanCondition)
      Matched:
         - @ConditionalOnClass found required classes 
'javax.sql.DataSource', 
'jakarta.transaction.TransactionManager', 'org.springframework.j
dbc.datasource.embedded.EmbeddedDatabaseType' (OnClassCondition)


Exclusions:
-----------

    None


Unconditional classes:
----------------------

    org.springframework.boot.health.autoconfigure.registry.Healt
hContributorRegistryAutoConfiguration

    org.springframework.boot.autoconfigure.context.Configuration
PropertiesAutoConfiguration

    
org.springframework.boot.autoconfigure.ssl.SslAutoConfiguration

    org.springframework.boot.actuate.autoconfigure.info.InfoCont
ributorAutoConfiguration

    org.springframework.boot.autoconfigure.context.PropertyPlace
holderAutoConfiguration

    org.springframework.boot.autoconfigure.context.LifecycleAuto
Configuration

    org.springframework.boot.actuate.autoconfigure.endpoint.Endp
ointAutoConfiguration

    org.springframework.boot.health.autoconfigure.contributor.He
althContributorAutoConfiguration

    org.springframework.boot.autoconfigure.availability.Applicat
ionAvailabilityAutoConfiguration

    org.springframework.boot.autoconfigure.info.ProjectInfoAutoC
onfiguration

    org.springframework.boot.actuate.autoconfigure.web.server.Ma
nagementContextAutoConfiguration



	at org.junit.platform.launcher.core.EngineExecutionOrchestrator.execute(EngineExecutionOrchestrator.java:179)
	at org.junit.platform.launcher.core.EngineExecutionOrchestrator.execute(EngineExecutionOrchestrator.java:108)
	at org.junit.platform.launcher.core.EngineExecutionOrchestrator.lambda$execute$0(EngineExecutionOrchestrator.java:66)
	at org.junit.platform.launcher.core.EngineExecutionOrchestrator.withInterceptedStreams(EngineExecutionOrchestrator.java:157)
	at org.junit.platform.launcher.core.EngineExecutionOrchestrator.execute(EngineExecutionOrchestrator.java:65)
	at org.junit.platform.launcher.core.DefaultLauncher.execute(DefaultLauncher.java:125)
	at org.junit.platform.launcher.core.DefaultLauncher.execute(DefaultLauncher.java:114)
	at org.junit.platform.launcher.core.DelegatingLauncher.execute(DelegatingLauncher.java:58)
	at org.junit.platform.launcher.core.InterceptingLauncher.lambda$execute$2(InterceptingLauncher.java:57)
	at org.junit.platform.launcher.core.ClasspathAlignmentCheckingLauncherInterceptor.intercept(ClasspathAlignmentCheckingLauncherInterceptor.java:25)
	at org.junit.platform.launcher.core.InterceptingLauncher.execute(InterceptingLauncher.java:56)
	at org.junit.platform.launcher.core.DelegatingLauncher.execute(DelegatingLauncher.java:58)
	at java.base/jdk.internal.reflect.DirectMethodHandleAccessor.invoke(DirectMethodHandleAccessor.java:103)
	at java.base/java.lang.reflect.Method.invoke(Method.java:580)
	at org.apache.maven.surefire.api.util.ReflectionUtils.invokeMethodWithArray(ReflectionUtils.java:125)
	at org.apache.maven.surefire.junitplatform.LauncherAdapter.executeWithCancellationToken(LauncherAdapter.java:68)
	at org.apache.maven.surefire.junitplatform.LauncherAdapter.execute(LauncherAdapter.java:54)
	at org.apache.maven.surefire.junitplatform.JUnitPlatformProvider.execute(JUnitPlatformProvider.java:203)
	at org.apache.maven.surefire.junitplatform.JUnitPlatformProvider.invokeAllTests(JUnitPlatformProvider.java:168)
	at org.apache.maven.surefire.junitplatform.JUnitPlatformProvider.invoke(JUnitPlatformProvider.java:136)
	at org.apache.maven.surefire.booter.ForkedBooter.runSuitesInProcess(ForkedBooter.java:385)
	at org.apache.maven.surefire.booter.ForkedBooter.execute(ForkedBooter.java:162)
	at org.apache.maven.surefire.booter.ForkedBooter.run(ForkedBooter.java:507)
	at org.apache.maven.surefire.booter.ForkedBooter.main(ForkedBooter.java:495)
Caused by: org.springframework.beans.factory.UnsatisfiedDependencyException: Error creating bean with name 'reportController' defined in file [C:\Users\omkar\OneDrive\Desktop\SnapFix\server\target\classes\com\snapfix\report\controller\ReportController.class]: Unsatisfied dependency expressed through constructor parameter 0: Error creating bean with name 'reportService' defined in file [C:\Users\omkar\OneDrive\Desktop\SnapFix\server\target\classes\com\snapfix\report\service\ReportService.class]: Unsatisfied dependency expressed through constructor parameter 1: Error creating bean with name 'cloudinaryStorageService' defined in file [C:\Users\omkar\OneDrive\Desktop\SnapFix\server\target\classes\com\snapfix\storage\service\CloudinaryStorageService.class]: Unsatisfied dependency expressed through constructor parameter 0: Error creating bean with name 'cloudinary' defined in class path resource [com/snapfix/config/CloudinaryConfig.class]: Failed to instantiate [com.cloudinary.Cloudinary]: Factory method 'cloudinary' threw exception with message: null
	at org.springframework.beans.factory.support.ConstructorResolver.createArgumentArray(ConstructorResolver.java:804)
	at org.springframework.beans.factory.support.ConstructorResolver.autowireConstructor(ConstructorResolver.java:240)
	at org.springframework.beans.factory.support.AbstractAutowireCapableBeanFactory.autowireConstructor(AbstractAutowireCapableBeanFactory.java:1382)
	at org.springframework.beans.factory.support.AbstractAutowireCapableBeanFactory.createBeanInstance(AbstractAutowireCapableBeanFactory.java:1221)
	at org.springframework.beans.factory.support.AbstractAutowireCapableBeanFactory.doCreateBean(AbstractAutowireCapableBeanFactory.java:565)
	at org.springframework.beans.factory.support.AbstractAutowireCapableBeanFactory.createBean(AbstractAutowireCapableBeanFactory.java:525)
	at org.springframework.beans.factory.support.AbstractBeanFactory.lambda$doGetBean$0(AbstractBeanFactory.java:333)
	at org.springframework.beans.factory.support.DefaultSingletonBeanRegistry.getSingleton(DefaultSingletonBeanRegistry.java:371)
	at org.springframework.beans.factory.support.AbstractBeanFactory.doGetBean(AbstractBeanFactory.java:331)
	at org.springframework.beans.factory.support.AbstractBeanFactory.getBean(AbstractBeanFactory.java:196)
	at org.springframework.beans.factory.support.DefaultListableBeanFactory.instantiateSingleton(DefaultListableBeanFactory.java:1218)
	at org.springframework.beans.factory.support.DefaultListableBeanFactory.preInstantiateSingleton(DefaultListableBeanFactory.java:1184)
	at org.springframework.beans.factory.support.DefaultListableBeanFactory.preInstantiateSingletons(DefaultListableBeanFactory.java:1121)
	at org.springframework.context.support.AbstractApplicationContext.finishBeanFactoryInitialization(AbstractApplicationContext.java:994)
	at org.springframework.context.support.AbstractApplicationContext.refresh(AbstractApplicationContext.java:621)
	at org.springframework.boot.SpringApplication.refresh(SpringApplication.java:756)
	at org.springframework.boot.SpringApplication.refreshContext(SpringApplication.java:445)
	at org.springframework.boot.SpringApplication.run(SpringApplication.java:321)
	at org.springframework.boot.test.context.SpringBootContextLoader.lambda$loadContext$2(SpringBootContextLoader.java:156)
	at org.springframework.util.function.ThrowingSupplier.get(ThrowingSupplier.java:58)
	at org.springframework.util.function.ThrowingSupplier.get(ThrowingSupplier.java:46)
	at org.springframework.boot.SpringApplication.withHook(SpringApplication.java:1465)
	at org.springframework.boot.test.context.SpringBootContextLoader$ContextLoaderHook.run(SpringBootContextLoader.java:605)
	at org.springframework.boot.test.context.SpringBootContextLoader.loadContext(SpringBootContextLoader.java:156)
	at org.springframework.boot.test.context.SpringBootContextLoader.loadContext(SpringBootContextLoader.java:115)
	at org.springframework.test.context.cache.DefaultCacheAwareContextLoaderDelegate.loadContextInternal(DefaultCacheAwareContextLoaderDelegate.java:247)
	at org.springframework.test.context.cache.DefaultCacheAwareContextLoaderDelegate.lambda$loadContext$0(DefaultCacheAwareContextLoaderDelegate.java:167)
	... 86 common frames omitted
Caused by: org.springframework.beans.factory.UnsatisfiedDependencyException: Error creating bean with name 'reportService' defined in file [C:\Users\omkar\OneDrive\Desktop\SnapFix\server\target\classes\com\snapfix\report\service\ReportService.class]: Unsatisfied dependency expressed through constructor parameter 1: Error creating bean with name 'cloudinaryStorageService' defined in file [C:\Users\omkar\OneDrive\Desktop\SnapFix\server\target\classes\com\snapfix\storage\service\CloudinaryStorageService.class]: Unsatisfied dependency expressed through constructor parameter 0: Error creating bean with name 'cloudinary' defined in class path resource [com/snapfix/config/CloudinaryConfig.class]: Failed to instantiate [com.cloudinary.Cloudinary]: Factory method 'cloudinary' threw exception with message: null
	at org.springframework.beans.factory.support.ConstructorResolver.createArgumentArray(ConstructorResolver.java:804)
	at org.springframework.beans.factory.support.ConstructorResolver.autowireConstructor(ConstructorResolver.java:240)
	at org.springframework.beans.factory.support.AbstractAutowireCapableBeanFactory.autowireConstructor(AbstractAutowireCapableBeanFactory.java:1382)
	at org.springframework.beans.factory.support.AbstractAutowireCapableBeanFactory.createBeanInstance(AbstractAutowireCapableBeanFactory.java:1221)
	at org.springframework.beans.factory.support.AbstractAutowireCapableBeanFactory.doCreateBean(AbstractAutowireCapableBeanFactory.java:565)
	at org.springframework.beans.factory.support.AbstractAutowireCapableBeanFactory.createBean(AbstractAutowireCapableBeanFactory.java:525)
	at org.springframework.beans.factory.support.AbstractBeanFactory.lambda$doGetBean$0(AbstractBeanFactory.java:333)
	at org.springframework.beans.factory.support.DefaultSingletonBeanRegistry.getSingleton(DefaultSingletonBeanRegistry.java:371)
	at org.springframework.beans.factory.support.AbstractBeanFactory.doGetBean(AbstractBeanFactory.java:331)
	at org.springframework.beans.factory.support.AbstractBeanFactory.getBean(AbstractBeanFactory.java:201)
	at org.springframework.beans.factory.support.DefaultListableBeanFactory.resolveBean(DefaultListableBeanFactory.java:1225)
	at org.springframework.beans.factory.support.DefaultListableBeanFactory.doResolveDependency(DefaultListableBeanFactory.java:1704)
	at org.springframework.beans.factory.support.DefaultListableBeanFactory.resolveDependency(DefaultListableBeanFactory.java:1651)
	at org.springframework.beans.factory.support.ConstructorResolver.resolveAutowiredArgument(ConstructorResolver.java:912)
	at org.springframework.beans.factory.support.ConstructorResolver.createArgumentArray(ConstructorResolver.java:791)
	... 112 common frames omitted
Caused by: org.springframework.beans.factory.UnsatisfiedDependencyException: Error creating bean with name 'cloudinaryStorageService' defined in file [C:\Users\omkar\OneDrive\Desktop\SnapFix\server\target\classes\com\snapfix\storage\service\CloudinaryStorageService.class]: Unsatisfied dependency expressed through constructor parameter 0: Error creating bean with name 'cloudinary' defined in class path resource [com/snapfix/config/CloudinaryConfig.class]: Failed to instantiate [com.cloudinary.Cloudinary]: Factory method 'cloudinary' threw exception with message: null
	at org.springframework.beans.factory.support.ConstructorResolver.createArgumentArray(ConstructorResolver.java:804)
	at org.springframework.beans.factory.support.ConstructorResolver.autowireConstructor(ConstructorResolver.java:240)
	at org.springframework.beans.factory.support.AbstractAutowireCapableBeanFactory.autowireConstructor(AbstractAutowireCapableBeanFactory.java:1382)
	at org.springframework.beans.factory.support.AbstractAutowireCapableBeanFactory.createBeanInstance(AbstractAutowireCapableBeanFactory.java:1221)
	at org.springframework.beans.factory.support.AbstractAutowireCapableBeanFactory.doCreateBean(AbstractAutowireCapableBeanFactory.java:565)
	at org.springframework.beans.factory.support.AbstractAutowireCapableBeanFactory.createBean(AbstractAutowireCapableBeanFactory.java:525)
	at org.springframework.beans.factory.support.AbstractBeanFactory.lambda$doGetBean$0(AbstractBeanFactory.java:333)
	at org.springframework.beans.factory.support.DefaultSingletonBeanRegistry.getSingleton(DefaultSingletonBeanRegistry.java:371)
	at org.springframework.beans.factory.support.AbstractBeanFactory.doGetBean(AbstractBeanFactory.java:331)
	at org.springframework.beans.factory.support.AbstractBeanFactory.getBean(AbstractBeanFactory.java:201)
	at org.springframework.beans.factory.config.DependencyDescriptor.resolveCandidate(DependencyDescriptor.java:229)
	at org.springframework.beans.factory.support.DefaultListableBeanFactory.doResolveDependency(DefaultListableBeanFactory.java:1762)
	at org.springframework.beans.factory.support.DefaultListableBeanFactory.resolveDependency(DefaultListableBeanFactory.java:1651)
	at org.springframework.beans.factory.support.ConstructorResolver.resolveAutowiredArgument(ConstructorResolver.java:912)
	at org.springframework.beans.factory.support.ConstructorResolver.createArgumentArray(ConstructorResolver.java:791)
	... 126 common frames omitted
Caused by: org.springframework.beans.factory.BeanCreationException: Error creating bean with name 'cloudinary' defined in class path resource [com/snapfix/config/CloudinaryConfig.class]: Failed to instantiate [com.cloudinary.Cloudinary]: Factory method 'cloudinary' threw exception with message: null
	at org.springframework.beans.factory.support.ConstructorResolver.instantiate(ConstructorResolver.java:657)
	at org.springframework.beans.factory.support.ConstructorResolver.instantiateUsingFactoryMethod(ConstructorResolver.java:489)
	at org.springframework.beans.factory.support.AbstractAutowireCapableBeanFactory.instantiateUsingFactoryMethod(AbstractAutowireCapableBeanFactory.java:1362)
	at org.springframework.beans.factory.support.AbstractAutowireCapableBeanFactory.createBeanInstance(AbstractAutowireCapableBeanFactory.java:1194)
	at org.springframework.beans.factory.support.AbstractAutowireCapableBeanFactory.doCreateBean(AbstractAutowireCapableBeanFactory.java:565)
	at org.springframework.beans.factory.support.AbstractAutowireCapableBeanFactory.createBean(AbstractAutowireCapableBeanFactory.java:525)
	at org.springframework.beans.factory.support.AbstractBeanFactory.lambda$doGetBean$0(AbstractBeanFactory.java:333)
	at org.springframework.beans.factory.support.DefaultSingletonBeanRegistry.getSingleton(DefaultSingletonBeanRegistry.java:371)
	at org.springframework.beans.factory.support.AbstractBeanFactory.doGetBean(AbstractBeanFactory.java:331)
	at org.springframework.beans.factory.support.AbstractBeanFactory.getBean(AbstractBeanFactory.java:201)
	at org.springframework.beans.factory.support.DefaultListableBeanFactory.resolveBean(DefaultListableBeanFactory.java:1225)
	at org.springframework.beans.factory.support.DefaultListableBeanFactory.doResolveDependency(DefaultListableBeanFactory.java:1704)
	at org.springframework.beans.factory.support.DefaultListableBeanFactory.resolveDependency(DefaultListableBeanFactory.java:1651)
	at org.springframework.beans.factory.support.ConstructorResolver.resolveAutowiredArgument(ConstructorResolver.java:912)
	at org.springframework.beans.factory.support.ConstructorResolver.createArgumentArray(ConstructorResolver.java:791)
	... 140 common frames omitted
Caused by: org.springframework.beans.BeanInstantiationException: Failed to instantiate [com.cloudinary.Cloudinary]: Factory method 'cloudinary' threw exception with message: null
	at org.springframework.beans.factory.support.SimpleInstantiationStrategy.lambda$instantiate$0(SimpleInstantiationStrategy.java:183)
	at org.springframework.beans.factory.support.SimpleInstantiationStrategy.instantiateWithFactoryMethod(SimpleInstantiationStrategy.java:72)
	at org.springframework.beans.factory.support.SimpleInstantiationStrategy.instantiate(SimpleInstantiationStrategy.java:152)
	at org.springframework.beans.factory.support.ConstructorResolver.instantiate(ConstructorResolver.java:653)
	... 154 common frames omitted
Caused by: java.lang.NullPointerException
	at java.base/java.util.Objects.requireNonNull(Objects.java:233)
	at java.base/java.util.ImmutableCollections$MapN.<init>(ImmutableCollections.java:1193)
	at java.base/java.util.Map.of(Map.java:1407)
	at com.snapfix.config.CloudinaryConfig.cloudinary(CloudinaryConfig.java:14)
	at com.snapfix.config.CloudinaryConfig$$SpringCGLIB$$0.CGLIB$cloudinary$0(<generated>)
	at com.snapfix.config.CloudinaryConfig$$SpringCGLIB$$FastClass$$1.invoke(<generated>)
	at org.springframework.cglib.proxy.MethodProxy.invokeSuper(MethodProxy.java:258)
	at org.springframework.context.annotation.ConfigurationClassEnhancer$BeanMethodInterceptor.intercept(ConfigurationClassEnhancer.java:398)
	at com.snapfix.config.CloudinaryConfig$$SpringCGLIB$$0.cloudinary(<generated>)
	at java.base/jdk.internal.reflect.DirectMethodHandleAccessor.invoke(DirectMethodHandleAccessor.java:103)
	at java.base/java.lang.reflect.Method.invoke(Method.java:580)
	at org.springframework.beans.factory.support.SimpleInstantiationStrategy.lambda$instantiate$0(SimpleInstantiationStrategy.java:155)
	... 157 common frames omitted
[ERROR] Tests run: 1, Failures: 0, Errors: 1, Skipped: 0, Time elapsed: 19.45 s <<< FAILURE! -- in com.snapfix.server.ServerApplicationTests
[ERROR] com.snapfix.server.ServerApplicationTests.contextLoads -- Time elapsed: 0.036 s <<< ERROR!
java.lang.IllegalStateException: Failed to load ApplicationContext for [WebMergedContextConfiguration@32107bba testClass = com.snapfix.server.ServerApplicationTests, locations = [], classes = [com.snapfix.SnapfixApplication], contextInitializerClasses = [], activeProfiles = [], propertySourceDescriptors = [], propertySourceProperties = ["org.springframework.boot.test.context.SpringBootTestContextBootstrapper=true"], contextCustomizers = [org.springframework.boot.web.server.context.SpringBootTestRandomPortContextCustomizer@7813cb11, org.springframework.boot.test.context.PropertyMappingContextCustomizer@0, org.springframework.boot.test.context.filter.ExcludeFilterContextCustomizer@52b56a3e, org.springframework.boot.test.json.DuplicateJsonObjectContextCustomizerFactory$DuplicateJsonObjectContextCustomizer@1a1da881, org.springframework.boot.test.autoconfigure.OnFailureConditionReportContextCustomizerFactory$OnFailureConditionReportContextCustomizer@165b8a71, org.springframework.test.context.support.DynamicPropertiesContextCustomizer@0, org.springframework.boot.test.context.SpringBootTestAnnotation@6b0633ee], resourceBasePath = "src/main/webapp", contextLoader = org.springframework.boot.test.context.SpringBootContextLoader, parent = null]
	at org.springframework.test.context.cache.DefaultCacheAwareContextLoaderDelegate.lambda$loadContext$0(DefaultCacheAwareContextLoaderDelegate.java:195)
	at org.springframework.test.context.cache.DefaultContextCache.put(DefaultContextCache.java:214)
	at org.springframework.test.context.cache.DefaultCacheAwareContextLoaderDelegate.loadContext(DefaultCacheAwareContextLoaderDelegate.java:160)
	at org.springframework.test.context.support.DefaultTestContext.getApplicationContext(DefaultTestContext.java:128)
	at org.springframework.test.context.web.ServletTestExecutionListener.setUpRequestContextIfNecessary(ServletTestExecutionListener.java:200)
	at org.springframework.test.context.web.ServletTestExecutionListener.prepareTestInstance(ServletTestExecutionListener.java:139)
	at org.springframework.test.context.TestContextManager.prepareTestInstance(TestContextManager.java:260)
	at org.springframework.test.context.junit.jupiter.SpringExtension.postProcessTestInstance(SpringExtension.java:210)
	at java.base/java.util.stream.ForEachOps$ForEachOp$OfRef.accept(ForEachOps.java:184)
	at java.base/java.util.stream.ReferencePipeline$3$1.accept(ReferencePipeline.java:197)
	at java.base/java.util.stream.ReferencePipeline$2$1.accept(ReferencePipeline.java:179)
	at java.base/java.util.stream.ReferencePipeline$3$1.accept(ReferencePipeline.java:197)
	at java.base/java.util.ArrayList$ArrayListSpliterator.forEachRemaining(ArrayList.java:1708)
	at java.base/java.util.stream.AbstractPipeline.copyInto(AbstractPipeline.java:509)
	at java.base/java.util.stream.AbstractPipeline.wrapAndCopyInto(AbstractPipeline.java:499)
	at java.base/java.util.stream.ForEachOps$ForEachOp.evaluateSequential(ForEachOps.java:151)
	at java.base/java.util.stream.ForEachOps$ForEachOp$OfRef.evaluateSequential(ForEachOps.java:174)
	at java.base/java.util.stream.AbstractPipeline.evaluate(AbstractPipeline.java:234)
	at java.base/java.util.stream.ReferencePipeline.forEach(ReferencePipeline.java:596)
	at java.base/java.util.Optional.orElseGet(Optional.java:364)
	at java.base/java.util.ArrayList.forEach(ArrayList.java:1596)
	at java.base/java.util.ArrayList.forEach(ArrayList.java:1596)
Caused by: org.springframework.beans.factory.UnsatisfiedDependencyException: Error creating bean with name 'reportController' defined in file [C:\Users\omkar\OneDrive\Desktop\SnapFix\server\target\classes\com\snapfix\report\controller\ReportController.class]: Unsatisfied dependency expressed through constructor parameter 0: Error creating bean with name 'reportService' defined in file [C:\Users\omkar\OneDrive\Desktop\SnapFix\server\target\classes\com\snapfix\report\service\ReportService.class]: Unsatisfied dependency expressed through constructor parameter 1: Error creating bean with name 'cloudinaryStorageService' defined in file [C:\Users\omkar\OneDrive\Desktop\SnapFix\server\target\classes\com\snapfix\storage\service\CloudinaryStorageService.class]: Unsatisfied dependency expressed through constructor parameter 0: Error creating bean with name 'cloudinary' defined in class path resource [com/snapfix/config/CloudinaryConfig.class]: Failed to instantiate [com.cloudinary.Cloudinary]: Factory method 'cloudinary' threw exception with message: null
	at org.springframework.beans.factory.support.ConstructorResolver.createArgumentArray(ConstructorResolver.java:804)
	at org.springframework.beans.factory.support.ConstructorResolver.autowireConstructor(ConstructorResolver.java:240)
	at org.springframework.beans.factory.support.AbstractAutowireCapableBeanFactory.autowireConstructor(AbstractAutowireCapableBeanFactory.java:1382)
	at org.springframework.beans.factory.support.AbstractAutowireCapableBeanFactory.createBeanInstance(AbstractAutowireCapableBeanFactory.java:1221)
	at org.springframework.beans.factory.support.AbstractAutowireCapableBeanFactory.doCreateBean(AbstractAutowireCapableBeanFactory.java:565)
	at org.springframework.beans.factory.support.AbstractAutowireCapableBeanFactory.createBean(AbstractAutowireCapableBeanFactory.java:525)
	at org.springframework.beans.factory.support.AbstractBeanFactory.lambda$doGetBean$0(AbstractBeanFactory.java:333)
	at org.springframework.beans.factory.support.DefaultSingletonBeanRegistry.getSingleton(DefaultSingletonBeanRegistry.java:371)
	at org.springframework.beans.factory.support.AbstractBeanFactory.doGetBean(AbstractBeanFactory.java:331)
	at org.springframework.beans.factory.support.AbstractBeanFactory.getBean(AbstractBeanFactory.java:196)
	at org.springframework.beans.factory.support.DefaultListableBeanFactory.instantiateSingleton(DefaultListableBeanFactory.java:1218)
	at org.springframework.beans.factory.support.DefaultListableBeanFactory.preInstantiateSingleton(DefaultListableBeanFactory.java:1184)
	at org.springframework.beans.factory.support.DefaultListableBeanFactory.preInstantiateSingletons(DefaultListableBeanFactory.java:1121)
	at org.springframework.context.support.AbstractApplicationContext.finishBeanFactoryInitialization(AbstractApplicationContext.java:994)
	at org.springframework.context.support.AbstractApplicationContext.refresh(AbstractApplicationContext.java:621)
	at org.springframework.boot.SpringApplication.refresh(SpringApplication.java:756)
	at org.springframework.boot.SpringApplication.refreshContext(SpringApplication.java:445)
	at org.springframework.boot.SpringApplication.run(SpringApplication.java:321)
	at org.springframework.boot.test.context.SpringBootContextLoader.lambda$loadContext$2(SpringBootContextLoader.java:156)
	at org.springframework.util.function.ThrowingSupplier.get(ThrowingSupplier.java:58)
	at org.springframework.util.function.ThrowingSupplier.get(ThrowingSupplier.java:46)
	at org.springframework.boot.SpringApplication.withHook(SpringApplication.java:1465)
	at org.springframework.boot.test.context.SpringBootContextLoader$ContextLoaderHook.run(SpringBootContextLoader.java:605)
	at org.springframework.boot.test.context.SpringBootContextLoader.loadContext(SpringBootContextLoader.java:156)
	at org.springframework.boot.test.context.SpringBootContextLoader.loadContext(SpringBootContextLoader.java:115)
	at org.springframework.test.context.cache.DefaultCacheAwareContextLoaderDelegate.loadContextInternal(DefaultCacheAwareContextLoaderDelegate.java:247)
	at org.springframework.test.context.cache.DefaultCacheAwareContextLoaderDelegate.lambda$loadContext$0(DefaultCacheAwareContextLoaderDelegate.java:167)
	... 21 more
Caused by: org.springframework.beans.factory.UnsatisfiedDependencyException: Error creating bean with name 'reportService' defined in file [C:\Users\omkar\OneDrive\Desktop\SnapFix\server\target\classes\com\snapfix\report\service\ReportService.class]: Unsatisfied dependency expressed through constructor parameter 1: Error creating bean with name 'cloudinaryStorageService' defined in file [C:\Users\omkar\OneDrive\Desktop\SnapFix\server\target\classes\com\snapfix\storage\service\CloudinaryStorageService.class]: Unsatisfied dependency expressed through constructor parameter 0: Error creating bean with name 'cloudinary' defined in class path resource [com/snapfix/config/CloudinaryConfig.class]: Failed to instantiate [com.cloudinary.Cloudinary]: Factory method 'cloudinary' threw exception with message: null
	at org.springframework.beans.factory.support.ConstructorResolver.createArgumentArray(ConstructorResolver.java:804)
	at org.springframework.beans.factory.support.ConstructorResolver.autowireConstructor(ConstructorResolver.java:240)
	at org.springframework.beans.factory.support.AbstractAutowireCapableBeanFactory.autowireConstructor(AbstractAutowireCapableBeanFactory.java:1382)
	at org.springframework.beans.factory.support.AbstractAutowireCapableBeanFactory.createBeanInstance(AbstractAutowireCapableBeanFactory.java:1221)
	at org.springframework.beans.factory.support.AbstractAutowireCapableBeanFactory.doCreateBean(AbstractAutowireCapableBeanFactory.java:565)
	at org.springframework.beans.factory.support.AbstractAutowireCapableBeanFactory.createBean(AbstractAutowireCapableBeanFactory.java:525)
	at org.springframework.beans.factory.support.AbstractBeanFactory.lambda$doGetBean$0(AbstractBeanFactory.java:333)
	at org.springframework.beans.factory.support.DefaultSingletonBeanRegistry.getSingleton(DefaultSingletonBeanRegistry.java:371)
	at org.springframework.beans.factory.support.AbstractBeanFactory.doGetBean(AbstractBeanFactory.java:331)
	at org.springframework.beans.factory.support.AbstractBeanFactory.getBean(AbstractBeanFactory.java:201)
	at org.springframework.beans.factory.support.DefaultListableBeanFactory.resolveBean(DefaultListableBeanFactory.java:1225)
	at org.springframework.beans.factory.support.DefaultListableBeanFactory.doResolveDependency(DefaultListableBeanFactory.java:1704)
	at org.springframework.beans.factory.support.DefaultListableBeanFactory.resolveDependency(DefaultListableBeanFactory.java:1651)
	at org.springframework.beans.factory.support.ConstructorResolver.resolveAutowiredArgument(ConstructorResolver.java:912)
	at org.springframework.beans.factory.support.ConstructorResolver.createArgumentArray(ConstructorResolver.java:791)
	... 47 more
Caused by: org.springframework.beans.factory.UnsatisfiedDependencyException: Error creating bean with name 'cloudinaryStorageService' defined in file [C:\Users\omkar\OneDrive\Desktop\SnapFix\server\target\classes\com\snapfix\storage\service\CloudinaryStorageService.class]: Unsatisfied dependency expressed through constructor parameter 0: Error creating bean with name 'cloudinary' defined in class path resource [com/snapfix/config/CloudinaryConfig.class]: Failed to instantiate [com.cloudinary.Cloudinary]: Factory method 'cloudinary' threw exception with message: null
	at org.springframework.beans.factory.support.ConstructorResolver.createArgumentArray(ConstructorResolver.java:804)
	at org.springframework.beans.factory.support.ConstructorResolver.autowireConstructor(ConstructorResolver.java:240)
	at org.springframework.beans.factory.support.AbstractAutowireCapableBeanFactory.autowireConstructor(AbstractAutowireCapableBeanFactory.java:1382)
	at org.springframework.beans.factory.support.AbstractAutowireCapableBeanFactory.createBeanInstance(AbstractAutowireCapableBeanFactory.java:1221)
	at org.springframework.beans.factory.support.AbstractAutowireCapableBeanFactory.doCreateBean(AbstractAutowireCapableBeanFactory.java:565)
	at org.springframework.beans.factory.support.AbstractAutowireCapableBeanFactory.createBean(AbstractAutowireCapableBeanFactory.java:525)
	at org.springframework.beans.factory.support.AbstractBeanFactory.lambda$doGetBean$0(AbstractBeanFactory.java:333)
	at org.springframework.beans.factory.support.DefaultSingletonBeanRegistry.getSingleton(DefaultSingletonBeanRegistry.java:371)
	at org.springframework.beans.factory.support.AbstractBeanFactory.doGetBean(AbstractBeanFactory.java:331)
	at org.springframework.beans.factory.support.AbstractBeanFactory.getBean(AbstractBeanFactory.java:201)
	at org.springframework.beans.factory.config.DependencyDescriptor.resolveCandidate(DependencyDescriptor.java:229)
	at org.springframework.beans.factory.support.DefaultListableBeanFactory.doResolveDependency(DefaultListableBeanFactory.java:1762)
	at org.springframework.beans.factory.support.DefaultListableBeanFactory.resolveDependency(DefaultListableBeanFactory.java:1651)
	at org.springframework.beans.factory.support.ConstructorResolver.resolveAutowiredArgument(ConstructorResolver.java:912)
	at org.springframework.beans.factory.support.ConstructorResolver.createArgumentArray(ConstructorResolver.java:791)
	... 61 more
Caused by: org.springframework.beans.factory.BeanCreationException: Error creating bean with name 'cloudinary' defined in class path resource [com/snapfix/config/CloudinaryConfig.class]: Failed to instantiate [com.cloudinary.Cloudinary]: Factory method 'cloudinary' threw exception with message: null
	at org.springframework.beans.factory.support.ConstructorResolver.instantiate(ConstructorResolver.java:657)
	at org.springframework.beans.factory.support.ConstructorResolver.instantiateUsingFactoryMethod(ConstructorResolver.java:489)
	at org.springframework.beans.factory.support.AbstractAutowireCapableBeanFactory.instantiateUsingFactoryMethod(AbstractAutowireCapableBeanFactory.java:1362)
	at org.springframework.beans.factory.support.AbstractAutowireCapableBeanFactory.createBeanInstance(AbstractAutowireCapableBeanFactory.java:1194)
	at org.springframework.beans.factory.support.AbstractAutowireCapableBeanFactory.doCreateBean(AbstractAutowireCapableBeanFactory.java:565)
	at org.springframework.beans.factory.support.AbstractAutowireCapableBeanFactory.createBean(AbstractAutowireCapableBeanFactory.java:525)
	at org.springframework.beans.factory.support.AbstractBeanFactory.lambda$doGetBean$0(AbstractBeanFactory.java:333)
	at org.springframework.beans.factory.support.DefaultSingletonBeanRegistry.getSingleton(DefaultSingletonBeanRegistry.java:371)
	at org.springframework.beans.factory.support.AbstractBeanFactory.doGetBean(AbstractBeanFactory.java:331)
	at org.springframework.beans.factory.support.AbstractBeanFactory.getBean(AbstractBeanFactory.java:201)
	at org.springframework.beans.factory.support.DefaultListableBeanFactory.resolveBean(DefaultListableBeanFactory.java:1225)
	at org.springframework.beans.factory.support.DefaultListableBeanFactory.doResolveDependency(DefaultListableBeanFactory.java:1704)
	at org.springframework.beans.factory.support.DefaultListableBeanFactory.resolveDependency(DefaultListableBeanFactory.java:1651)
	at org.springframework.beans.factory.support.ConstructorResolver.resolveAutowiredArgument(ConstructorResolver.java:912)
	at org.springframework.beans.factory.support.ConstructorResolver.createArgumentArray(ConstructorResolver.java:791)
	... 75 more
Caused by: org.springframework.beans.BeanInstantiationException: Failed to instantiate [com.cloudinary.Cloudinary]: Factory method 'cloudinary' threw exception with message: null
	at org.springframework.beans.factory.support.SimpleInstantiationStrategy.lambda$instantiate$0(SimpleInstantiationStrategy.java:183)
	at org.springframework.beans.factory.support.SimpleInstantiationStrategy.instantiateWithFactoryMethod(SimpleInstantiationStrategy.java:72)
	at org.springframework.beans.factory.support.SimpleInstantiationStrategy.instantiate(SimpleInstantiationStrategy.java:152)
	at org.springframework.beans.factory.support.ConstructorResolver.instantiate(ConstructorResolver.java:653)
	... 89 more
Caused by: java.lang.NullPointerException
	at java.base/java.util.Objects.requireNonNull(Objects.java:233)
	at java.base/java.util.ImmutableCollections$MapN.<init>(ImmutableCollections.java:1193)
	at java.base/java.util.Map.of(Map.java:1407)
	at com.snapfix.config.CloudinaryConfig.cloudinary(CloudinaryConfig.java:14)
	at com.snapfix.config.CloudinaryConfig$$SpringCGLIB$$0.CGLIB$cloudinary$0(<generated>)
	at com.snapfix.config.CloudinaryConfig$$SpringCGLIB$$FastClass$$1.invoke(<generated>)
	at org.springframework.cglib.proxy.MethodProxy.invokeSuper(MethodProxy.java:258)
	at org.springframework.context.annotation.ConfigurationClassEnhancer$BeanMethodInterceptor.intercept(ConfigurationClassEnhancer.java:398)
	at com.snapfix.config.CloudinaryConfig$$SpringCGLIB$$0.cloudinary(<generated>)
	at java.base/java.lang.reflect.Method.invoke(Method.java:580)
	at org.springframework.beans.factory.support.SimpleInstantiationStrategy.lambda$instantiate$0(SimpleInstantiationStrategy.java:155)
	... 92 more

[INFO] 
[INFO] Results:
[INFO] 
[ERROR] Errors: 
[ERROR]   ServerApplicationTests.contextLoads ╗ IllegalState Failed to load ApplicationContext for [WebMergedContextConfiguration@32107bba testClass = com.snapfix.server.ServerApplicationTests, locations = [], classes = [com.snapfix.SnapfixApplication], contextInitializerClasses = [], activeProfiles = [], propertySourceDescriptors = [], propertySourceProperties = ["org.springframework.boot.test.context.SpringBootTestContextBootstrapper=true"], contextCustomizers = [org.springframework.boot.web.server.context.SpringBootTestRandomPortContextCustomizer@7813cb11, org.springframework.boot.test.context.PropertyMappingContextCustomizer@0, org.springframework.boot.test.context.filter.ExcludeFilterContextCustomizer@52b56a3e, org.springframework.boot.test.json.DuplicateJsonObjectContextCustomizerFactory$DuplicateJsonObjectContextCustomizer@1a1da881, org.springframework.boot.test.autoconfigure.OnFailureConditionReportContextCustomizerFactory$OnFailureConditionReportContextCustomizer@165b8a71, org.springframework.test.context.support.DynamicPropertiesContextCustomizer@0, org.springframework.boot.test.context.SpringBootTestAnnotation@6b0633ee], resourceBasePath = "src/main/webapp", contextLoader = org.springframework.boot.test.context.SpringBootContextLoader, parent = null]
[INFO] 
[ERROR] Tests run: 1, Failures: 0, Errors: 1, Skipped: 0
[INFO] 
[INFO] ------------------------------------------------------------------------
[INFO] BUILD FAILURE
[INFO] ------------------------------------------------------------------------
[INFO] Total time:  28.837 s
[INFO] Finished at: 2026-05-09T10:31:05+05:30
[INFO] ------------------------------------------------------------------------
[ERROR] Failed to execute goal org.apache.maven.plugins:maven-surefire-plugin:3.5.4:test (default-test) on project server: 
[ERROR] 
[ERROR] See C:\Users\omkar\OneDrive\Desktop\SnapFix\server\target\surefire-reports for the individual test results.
[ERROR] See dump files (if any exist) [date].dump, [date]-jvmRun[N].dump and [date].dumpstream.
[ERROR] -> [Help 1]
[ERROR] 
[ERROR] To see the full stack trace of the errors, re-run Maven with the -e switch.
[ERROR] Re-run Maven using the -X switch to enable full debug logging.
[ERROR] 
[ERROR] For more information about the errors and possible solutions, please read the following articles:
[ERROR] [Help 1] http://cwiki.apache.org/confluence/display/MAVEN/MojoFailureException
